---
http_interactions:
- request:
    method: put
    uri: http://backend:5352/source/target_project/_meta?user=user_31
    body:
      encoding: UTF-8
      string: |
        <project name="target_project">
          <title>Such, Such Were the Joys</title>
          <description/>
        </project>
    headers:
      Accept-Encoding:
      - gzip;q=1.0,deflate;q=0.6,identity;q=0.3
      Accept:
      - "*/*"
      User-Agent:
      - Ruby
  response:
    status:
      code: 200
      message: OK
    headers:
      Content-Type:
      - text/xml
      Cache-Control:
      - no-cache
      Connection:
      - close
      Content-Length:
      - '115'
    body:
      encoding: UTF-8
      string: |
        <project name="target_project">
          <title>Such, Such Were the Joys</title>
          <description></description>
        </project>
  recorded_at: Tue, 19 Mar 2024 13:44:40 GMT
- request:
    method: put
    uri: http://backend:5352/source/target_project/target_package/_meta?user=user_32
    body:
      encoding: UTF-8
      string: |
        <package name="target_package" project="target_project">
          <title>Cover Her Face</title>
          <description>Ipsa illum eveniet voluptates.</description>
        </package>
    headers:
      Accept-Encoding:
      - gzip;q=1.0,deflate;q=0.6,identity;q=0.3
      Accept:
      - "*/*"
      User-Agent:
      - Ruby
  response:
    status:
      code: 200
      message: OK
    headers:
      Content-Type:
      - text/xml
      Cache-Control:
      - no-cache
      Connection:
      - close
      Content-Length:
      - '160'
    body:
      encoding: UTF-8
      string: |
        <package name="target_package" project="target_project">
          <title>Cover Her Face</title>
          <description>Ipsa illum eveniet voluptates.</description>
        </package>
  recorded_at: Tue, 19 Mar 2024 13:44:40 GMT
- request:
    method: put
    uri: http://backend:5352/source/source_project/_meta?user=user_33
    body:
      encoding: UTF-8
      string: |
        <project name="source_project">
          <title>O Pioneers!</title>
          <description/>
        </project>
    headers:
      Accept-Encoding:
      - gzip;q=1.0,deflate;q=0.6,identity;q=0.3
      Accept:
      - "*/*"
      User-Agent:
      - Ruby
  response:
    status:
      code: 200
      message: OK
    headers:
      Content-Type:
      - text/xml
      Cache-Control:
      - no-cache
      Connection:
      - close
      Content-Length:
      - '102'
    body:
      encoding: UTF-8
      string: |
        <project name="source_project">
          <title>O Pioneers!</title>
          <description></description>
        </project>
  recorded_at: Tue, 19 Mar 2024 13:44:40 GMT
- request:
    method: put
    uri: http://backend:5352/source/source_project/_project/_attribute?meta=1&user=user_33
    body:
      encoding: UTF-8
      string: |
        <attributes>
          <attribute name="ApprovedRequestSource" namespace="OBS"/>
        </attributes>
    headers:
      Accept-Encoding:
      - gzip;q=1.0,deflate;q=0.6,identity;q=0.3
      Accept:
      - "*/*"
      User-Agent:
      - Ruby
  response:
    status:
      code: 200
      message: OK
    headers:
      Content-Type:
      - text/xml
      Cache-Control:
      - no-cache
      Connection:
      - close
      Content-Length:
      - '170'
    body:
      encoding: UTF-8
      string: |
        <revision rev="12">
          <srcmd5>ea1d33bc82718e02f95345e9d8656222</srcmd5>
          <time>1710855880</time>
          <user>user_33</user>
          <comment></comment>
          <requestid/>
        </revision>
  recorded_at: Tue, 19 Mar 2024 13:44:40 GMT
- request:
    method: put
    uri: http://backend:5352/source/source_project/source_package/_meta?user=user_34
    body:
      encoding: UTF-8
      string: |
        <package name="source_package" project="source_project">
          <title>In Death Ground</title>
          <description>Voluptatem maxime est blanditiis.</description>
        </package>
    headers:
      Accept-Encoding:
      - gzip;q=1.0,deflate;q=0.6,identity;q=0.3
      Accept:
      - "*/*"
      User-Agent:
      - Ruby
  response:
    status:
      code: 200
      message: OK
    headers:
      Content-Type:
      - text/xml
      Cache-Control:
      - no-cache
      Connection:
      - close
      Content-Length:
      - '164'
    body:
      encoding: UTF-8
      string: |
        <package name="source_package" project="source_project">
          <title>In Death Ground</title>
          <description>Voluptatem maxime est blanditiis.</description>
        </package>
  recorded_at: Tue, 19 Mar 2024 13:44:40 GMT
- request:
    method: get
    uri: http://backend:5352/source/source_project/source_package
    body:
      encoding: US-ASCII
      string: ''
    headers:
      Accept-Encoding:
      - gzip;q=1.0,deflate;q=0.6,identity;q=0.3
      Accept:
      - "*/*"
      User-Agent:
      - Ruby
  response:
    status:
      code: 200
      message: OK
    headers:
      Content-Type:
      - text/xml
      Cache-Control:
      - no-cache
      Connection:
      - close
      Content-Length:
      - '89'
    body:
      encoding: UTF-8
      string: |
        <directory name="source_package" srcmd5="d41d8cd98f00b204e9800998ecf8427e">
        </directory>
  recorded_at: Tue, 19 Mar 2024 13:44:41 GMT
- request:
    method: post
    uri: http://backend:5352/source/source_project/source_package?cmd=diff&expand=1&filelimit=10000&opackage=target_package&oproject=target_project&tarlimit=10000&view=xml&withissues=1
    body:
      encoding: UTF-8
      string: ''
    headers:
      Content-Type:
      - application/octet-stream
      Accept-Encoding:
      - gzip;q=1.0,deflate;q=0.6,identity;q=0.3
      Accept:
      - "*/*"
      User-Agent:
      - Ruby
  response:
    status:
      code: 200
      message: OK
    headers:
      Content-Type:
      - text/xml
      Content-Length:
      - '328'
      Cache-Control:
      - no-cache
      Connection:
      - close
    body:
      encoding: UTF-8
      string: |
        <sourcediff key="1d2d66e37ffce337361288aaa1a481e8">
          <old project="target_project" package="target_package" rev="0" srcmd5="d41d8cd98f00b204e9800998ecf8427e"/>
          <new project="source_project" package="source_package" rev="0" srcmd5="d41d8cd98f00b204e9800998ecf8427e"/>
          <files>
          </files>
          <issues>
          </issues>
        </sourcediff>
  recorded_at: Tue, 19 Mar 2024 13:44:41 GMT
- request:
    method: get
    uri: http://backend:5352/source/source_project/source_package
    body:
      encoding: US-ASCII
      string: ''
    headers:
      Accept-Encoding:
      - gzip;q=1.0,deflate;q=0.6,identity;q=0.3
      Accept:
      - "*/*"
      User-Agent:
      - Ruby
  response:
    status:
      code: 200
      message: OK
    headers:
      Content-Type:
      - text/xml
      Cache-Control:
      - no-cache
      Connection:
      - close
      Content-Length:
      - '89'
    body:
      encoding: UTF-8
      string: |
        <directory name="source_package" srcmd5="d41d8cd98f00b204e9800998ecf8427e">
        </directory>
  recorded_at: Tue, 19 Mar 2024 13:44:41 GMT
- request:
    method: post
    uri: http://backend:5352/source/source_project/source_package?cacheonly=1&cmd=diff&expand=1&filelimit=10000&opackage=target_package&oproject=target_project&tarlimit=10000&view=xml&withissues=1
    body:
      encoding: UTF-8
      string: ''
    headers:
      Content-Type:
      - application/octet-stream
      Accept-Encoding:
      - gzip;q=1.0,deflate;q=0.6,identity;q=0.3
      Accept:
      - "*/*"
      User-Agent:
      - Ruby
  response:
    status:
      code: 200
      message: OK
    headers:
      Content-Type:
      - text/xml
      Content-Length:
      - '328'
      Cache-Control:
      - no-cache
      Connection:
      - close
    body:
      encoding: UTF-8
      string: |
        <sourcediff key="1d2d66e37ffce337361288aaa1a481e8">
          <old project="target_project" package="target_package" rev="0" srcmd5="d41d8cd98f00b204e9800998ecf8427e"/>
          <new project="source_project" package="source_package" rev="0" srcmd5="d41d8cd98f00b204e9800998ecf8427e"/>
          <files>
          </files>
          <issues>
          </issues>
        </sourcediff>
  recorded_at: Tue, 19 Mar 2024 13:44:41 GMT
- request:
    method: get
    uri: http://backend:5352/source/target_project/target_package
    body:
      encoding: US-ASCII
      string: ''
    headers:
      Accept-Encoding:
      - gzip;q=1.0,deflate;q=0.6,identity;q=0.3
      Accept:
      - "*/*"
      User-Agent:
      - Ruby
  response:
    status:
      code: 200
      message: OK
    headers:
      Content-Type:
      - text/xml
      Cache-Control:
      - no-cache
      Connection:
      - close
      Content-Length:
      - '89'
    body:
      encoding: UTF-8
      string: |
        <directory name="target_package" srcmd5="d41d8cd98f00b204e9800998ecf8427e">
        </directory>
  recorded_at: Tue, 19 Mar 2024 13:44:41 GMT
recorded_with: VCR 6.2.0
