---
http_interactions:
- request:
    method: put
    uri: http://backend:5352/source/project_1/_meta?user=user_2
    body:
      encoding: UTF-8
      string: |
        <project name="project_1">
          <title>Terrible Swift Sword</title>
          <description/>
        </project>
    headers:
      Accept-Encoding:
      - gzip;q=1.0,deflate;q=0.6,identity;q=0.3
      Accept:
      - "*/*"
      User-Agent:
      - Ruby
  response:
    status:
      code: 200
      message: OK
    headers:
      Content-Type:
      - text/xml
      Cache-Control:
      - no-cache
      Connection:
      - close
      Content-Length:
      - '106'
    body:
      encoding: UTF-8
      string: |
        <project name="project_1">
          <title>Terrible Swift Sword</title>
          <description></description>
        </project>
  recorded_at: Wed, 07 May 2025 09:36:24 GMT
- request:
    method: put
    uri: http://backend:5352/source/project_1/package_2/_meta?user=user_3
    body:
      encoding: UTF-8
      string: |
        <package name="package_2" project="project_1">
          <title>A Many-Splendoured Thing</title>
          <description>Omnis hic architecto sit.</description>
        </package>
    headers:
      Accept-Encoding:
      - gzip;q=1.0,deflate;q=0.6,identity;q=0.3
      Accept:
      - "*/*"
      User-Agent:
      - Ruby
  response:
    status:
      code: 200
      message: OK
    headers:
      Content-Type:
      - text/xml
      Cache-Control:
      - no-cache
      Connection:
      - close
      Content-Length:
      - '155'
    body:
      encoding: UTF-8
      string: |
        <package name="package_2" project="project_1">
          <title>A Many-Splendoured Thing</title>
          <description>Omnis hic architecto sit.</description>
        </package>
  recorded_at: Wed, 07 May 2025 09:36:24 GMT
- request:
    method: delete
    uri: http://backend:5352/source/project_1/package_2?user=user_3
    body:
      encoding: US-ASCII
      string: ''
    headers:
      Accept-Encoding:
      - gzip;q=1.0,deflate;q=0.6,identity;q=0.3
      Accept:
      - "*/*"
      User-Agent:
      - Ruby
  response:
    status:
      code: 200
      message: OK
    headers:
      Content-Type:
      - text/xml
      Cache-Control:
      - no-cache
      Connection:
      - close
      Content-Length:
      - '21'
    body:
      encoding: UTF-8
      string: '<status code="ok" />

'
  recorded_at: Wed, 07 May 2025 09:36:24 GMT
- request:
    method: put
    uri: http://backend:5352/source/home:tom/_meta?user=tom
    body:
      encoding: UTF-8
      string: |
        <project name="home:tom">
          <title/>
          <description/>
          <person userid="tom" role="maintainer"/>
        </project>
    headers:
      Accept-Encoding:
      - gzip;q=1.0,deflate;q=0.6,identity;q=0.3
      Accept:
      - "*/*"
      User-Agent:
      - Ruby
  response:
    status:
      code: 200
      message: OK
    headers:
      Content-Type:
      - text/xml
      Cache-Control:
      - no-cache
      Connection:
      - close
      Content-Length:
      - '128'
    body:
      encoding: UTF-8
      string: |
        <project name="home:tom">
          <title></title>
          <description></description>
          <person userid="tom" role="maintainer"/>
        </project>
  recorded_at: Wed, 07 May 2025 09:36:24 GMT
recorded_with: VCR 6.3.1
