---
http_interactions:
- request:
    method: put
    uri: http://backend:5352/source/home:package_test_user/_meta?user=package_test_user
    body:
      encoding: UTF-8
      string: |
        <project name="home:package_test_user">
          <title/>
          <description/>
          <person userid="package_test_user" role="maintainer"/>
        </project>
    headers:
      Accept-Encoding:
      - gzip;q=1.0,deflate;q=0.6,identity;q=0.3
      Accept:
      - "*/*"
      User-Agent:
      - Ruby
  response:
    status:
      code: 200
      message: OK
    headers:
      Content-Type:
      - text/xml
      Cache-Control:
      - no-cache
      Connection:
      - close
      Content-Length:
      - '156'
    body:
      encoding: UTF-8
      string: |
        <project name="home:package_test_user">
          <title></title>
          <description></description>
          <person userid="package_test_user" role="maintainer"/>
        </project>
  recorded_at: Thu, 01 Aug 2024 17:03:12 GMT
- request:
    method: put
    uri: http://backend:5352/source/home:package_test_user/test_package/_meta?user=user_34
    body:
      encoding: UTF-8
      string: |
        <package name="test_package" project="home:package_test_user">
          <title>O Jerusalem!</title>
          <description>Ipsum praesentium quos recusandae.</description>
        </package>
    headers:
      Accept-Encoding:
      - gzip;q=1.0,deflate;q=0.6,identity;q=0.3
      Accept:
      - "*/*"
      User-Agent:
      - Ruby
  response:
    status:
      code: 200
      message: OK
    headers:
      Content-Type:
      - text/xml
      Cache-Control:
      - no-cache
      Connection:
      - close
      Content-Length:
      - '168'
    body:
      encoding: UTF-8
      string: |
        <package name="test_package" project="home:package_test_user">
          <title>O Jerusalem!</title>
          <description>Ipsum praesentium quos recusandae.</description>
        </package>
  recorded_at: Thu, 01 Aug 2024 17:03:12 GMT
- request:
    method: put
    uri: http://backend:5352/source/home:package_test_user/test_package/_config
    body:
      encoding: UTF-8
      string: Officia cumque voluptas. Aliquam numquam eligendi. Ipsa perspiciatis
        quam.
    headers:
      Accept-Encoding:
      - gzip;q=1.0,deflate;q=0.6,identity;q=0.3
      Accept:
      - "*/*"
      User-Agent:
      - Ruby
  response:
    status:
      code: 200
      message: OK
    headers:
      Content-Type:
      - text/xml
      Cache-Control:
      - no-cache
      Connection:
      - close
      Content-Length:
      - '209'
    body:
      encoding: UTF-8
      string: |
        <revision rev="34" vrev="34">
          <srcmd5>202fba998741978692287b1a9c0841a0</srcmd5>
          <version>unknown</version>
          <time>1722531792</time>
          <user>unknown</user>
          <comment></comment>
          <requestid/>
        </revision>
  recorded_at: Thu, 01 Aug 2024 17:03:13 GMT
- request:
    method: put
    uri: http://backend:5352/source/home:package_test_user/test_package/somefile.txt
    body:
      encoding: UTF-8
      string: Amet laborum qui. Delectus in ex. Esse vitae autem.
    headers:
      Accept-Encoding:
      - gzip;q=1.0,deflate;q=0.6,identity;q=0.3
      Accept:
      - "*/*"
      User-Agent:
      - Ruby
  response:
    status:
      code: 200
      message: OK
    headers:
      Content-Type:
      - text/xml
      Cache-Control:
      - no-cache
      Connection:
      - close
      Content-Length:
      - '209'
    body:
      encoding: UTF-8
      string: |
        <revision rev="35" vrev="35">
          <srcmd5>2c0b6dfd046caca32ff282398e13fc7a</srcmd5>
          <version>unknown</version>
          <time>1722531793</time>
          <user>unknown</user>
          <comment></comment>
          <requestid/>
        </revision>
  recorded_at: Thu, 01 Aug 2024 17:03:13 GMT
- request:
    method: put
    uri: http://backend:5352/source/home:other_package_test_user/_meta?user=other_package_test_user
    body:
      encoding: UTF-8
      string: |
        <project name="home:other_package_test_user">
          <title/>
          <description/>
          <person userid="other_package_test_user" role="maintainer"/>
        </project>
    headers:
      Accept-Encoding:
      - gzip;q=1.0,deflate;q=0.6,identity;q=0.3
      Accept:
      - "*/*"
      User-Agent:
      - Ruby
  response:
    status:
      code: 200
      message: OK
    headers:
      Content-Type:
      - text/xml
      Cache-Control:
      - no-cache
      Connection:
      - close
      Content-Length:
      - '168'
    body:
      encoding: UTF-8
      string: |
        <project name="home:other_package_test_user">
          <title></title>
          <description></description>
          <person userid="other_package_test_user" role="maintainer"/>
        </project>
  recorded_at: Thu, 01 Aug 2024 17:03:13 GMT
- request:
    method: put
    uri: http://backend:5352/source/home:other_package_test_user/branch_test_package/_meta?user=user_35
    body:
      encoding: UTF-8
      string: |
        <package name="branch_test_package" project="home:other_package_test_user">
          <title>Dance Dance Dance</title>
          <description>Iusto maiores consequatur porro.</description>
        </package>
    headers:
      Accept-Encoding:
      - gzip;q=1.0,deflate;q=0.6,identity;q=0.3
      Accept:
      - "*/*"
      User-Agent:
      - Ruby
  response:
    status:
      code: 200
      message: OK
    headers:
      Content-Type:
      - text/xml
      Cache-Control:
      - no-cache
      Connection:
      - close
      Content-Length:
      - '184'
    body:
      encoding: UTF-8
      string: |
        <package name="branch_test_package" project="home:other_package_test_user">
          <title>Dance Dance Dance</title>
          <description>Iusto maiores consequatur porro.</description>
        </package>
  recorded_at: Thu, 01 Aug 2024 17:03:13 GMT
- request:
    method: put
    uri: http://backend:5352/source/home:other_package_test_user/branch_test_package/_config
    body:
      encoding: UTF-8
      string: Dolor ipsam alias. Officia et ut. Vel aut cupiditate.
    headers:
      Accept-Encoding:
      - gzip;q=1.0,deflate;q=0.6,identity;q=0.3
      Accept:
      - "*/*"
      User-Agent:
      - Ruby
  response:
    status:
      code: 200
      message: OK
    headers:
      Content-Type:
      - text/xml
      Cache-Control:
      - no-cache
      Connection:
      - close
      Content-Length:
      - '209'
    body:
      encoding: UTF-8
      string: |
        <revision rev="31" vrev="31">
          <srcmd5>bf4fbe2d2784ab9068e360c97643cf57</srcmd5>
          <version>unknown</version>
          <time>1722531793</time>
          <user>unknown</user>
          <comment></comment>
          <requestid/>
        </revision>
  recorded_at: Thu, 01 Aug 2024 17:03:13 GMT
- request:
    method: put
    uri: http://backend:5352/source/home:other_package_test_user/branch_test_package/somefile.txt
    body:
      encoding: UTF-8
      string: Sed impedit porro. Qui enim eius. Ipsa error tempore.
    headers:
      Accept-Encoding:
      - gzip;q=1.0,deflate;q=0.6,identity;q=0.3
      Accept:
      - "*/*"
      User-Agent:
      - Ruby
  response:
    status:
      code: 200
      message: OK
    headers:
      Content-Type:
      - text/xml
      Cache-Control:
      - no-cache
      Connection:
      - close
      Content-Length:
      - '209'
    body:
      encoding: UTF-8
      string: |
        <revision rev="32" vrev="32">
          <srcmd5>1de0647a5c5c5c3472a33c34b674a879</srcmd5>
          <version>unknown</version>
          <time>1722531793</time>
          <user>unknown</user>
          <comment></comment>
          <requestid/>
        </revision>
  recorded_at: Thu, 01 Aug 2024 17:03:13 GMT
- request:
    method: put
    uri: http://backend:5352/source/global_project/_meta?user=other_package_test_user
    body:
      encoding: UTF-8
      string: |
        <project name="global_project">
          <title>It's a Battlefield</title>
          <description/>
        </project>
    headers:
      Accept-Encoding:
      - gzip;q=1.0,deflate;q=0.6,identity;q=0.3
      Accept:
      - "*/*"
      User-Agent:
      - Ruby
  response:
    status:
      code: 200
      message: OK
    headers:
      Content-Type:
      - text/xml
      Cache-Control:
      - no-cache
      Connection:
      - close
      Content-Length:
      - '109'
    body:
      encoding: UTF-8
      string: |
        <project name="global_project">
          <title>It's a Battlefield</title>
          <description></description>
        </project>
  recorded_at: Thu, 01 Aug 2024 17:03:14 GMT
- request:
    method: get
    uri: http://backend:5352/build/_workerstatus
    body:
      encoding: US-ASCII
      string: ''
    headers:
      X-Request-Id:
      - b5fb1141-f7d4-47a2-8ebc-5846bd8f16ee
      Accept-Encoding:
      - gzip;q=1.0,deflate;q=0.6,identity;q=0.3
      Accept:
      - "*/*"
      User-Agent:
      - Ruby
  response:
    status:
      code: 200
      message: OK
    headers:
      Content-Type:
      - text/xml
      Cache-Control:
      - no-cache
      Connection:
      - close
      Content-Length:
      - '1344'
    body:
      encoding: UTF-8
      string: |
        <workerstatus clients="2">
          <idle workerid="4f290838cc9e:1" hostarch="x86_64"/>
          <idle workerid="4f290838cc9e:2" hostarch="x86_64"/>
          <waiting arch="i586" jobs="0"/>
          <waiting arch="x86_64" jobs="0"/>
          <blocked arch="i586" jobs="0"/>
          <blocked arch="x86_64" jobs="0"/>
          <buildavg arch="i586" buildavg="1200"/>
          <buildavg arch="x86_64" buildavg="1200"/>
          <partition>
            <daemon type="srcserver" state="running" starttime="1722529763"/>
            <daemon type="servicedispatch" state="running" starttime="1722529769"/>
            <daemon type="service" state="running" starttime="1722529769"/>
            <daemon type="clouduploadserver" state="running" starttime="1722529769"/>
            <daemon type="clouduploadworker" state="running" starttime="1722529769"/>
            <daemon type="scheduler" arch="i586" state="running" starttime="1722529769">
              <queue high="0" med="0" low="0" next="0"/>
            </daemon>
            <daemon type="scheduler" arch="x86_64" state="running" starttime="1722529769">
              <queue high="0" med="0" low="0" next="0"/>
            </daemon>
            <daemon type="repserver" state="running" starttime="1722529767"/>
            <daemon type="dispatcher" state="running" starttime="1722529769"/>
            <daemon type="publisher" state="running" starttime="1722529769"/>
            <daemon type="signer" state="running" starttime="1722529769"/>
          </partition>
        </workerstatus>
  recorded_at: Thu, 01 Aug 2024 17:03:14 GMT
recorded_with: VCR 6.2.0
