---
http_interactions:
- request:
    method: put
    uri: http://backend:5352/source/some_random_project/_meta?user=foo
    body:
      encoding: UTF-8
      string: |
        <project name="some_random_project">
          <title>A Many-Splendoured Thing</title>
          <description/>
        </project>
    headers:
      Accept-Encoding:
      - gzip;q=1.0,deflate;q=0.6,identity;q=0.3
      Accept:
      - "*/*"
      User-Agent:
      - Ruby
  response:
    status:
      code: 200
      message: OK
    headers:
      Content-Type:
      - text/xml
      Cache-Control:
      - no-cache
      Connection:
      - close
      Content-Length:
      - '120'
    body:
      encoding: UTF-8
      string: |
        <project name="some_random_project">
          <title>A Many-Splendoured Thing</title>
          <description></description>
        </project>
  recorded_at: Wed, 06 Dec 2023 11:07:30 GMT
- request:
    method: put
    uri: http://backend:5352/source/some_random_project/some_random_package/_meta?user=foo
    body:
      encoding: UTF-8
      string: |
        <package name="some_random_package" project="some_random_project">
          <title>The Wings of the Dove</title>
          <description>Velit quo officia et.</description>
          <person userid="foo" role="maintainer"/>
        </package>
    headers:
      Accept-Encoding:
      - gzip;q=1.0,deflate;q=0.6,identity;q=0.3
      Accept:
      - "*/*"
      User-Agent:
      - Ruby
  response:
    status:
      code: 200
      message: OK
    headers:
      Content-Type:
      - text/xml
      Cache-Control:
      - no-cache
      Connection:
      - close
      Content-Length:
      - '211'
    body:
      encoding: UTF-8
      string: |
        <package name="some_random_package" project="some_random_project">
          <title>The Wings of the Dove</title>
          <description>Velit quo officia et.</description>
          <person userid="foo" role="maintainer"/>
        </package>
  recorded_at: Wed, 06 Dec 2023 11:07:30 GMT
- request:
    method: get
    uri: http://backend:5352/source/some_random_project/some_random_package
    body:
      encoding: US-ASCII
      string: ''
    headers:
      X-Request-Id:
      - 2e5ab674-c18c-41fd-a9ac-7b76da490a30
      Accept-Encoding:
      - gzip;q=1.0,deflate;q=0.6,identity;q=0.3
      Accept:
      - "*/*"
      User-Agent:
      - Ruby
  response:
    status:
      code: 200
      message: OK
    headers:
      Content-Type:
      - text/xml
      Cache-Control:
      - no-cache
      Connection:
      - close
      Content-Length:
      - '94'
    body:
      encoding: UTF-8
      string: |
        <directory name="some_random_package" srcmd5="d41d8cd98f00b204e9800998ecf8427e">
        </directory>
  recorded_at: Wed, 06 Dec 2023 11:07:30 GMT
- request:
    method: get
    uri: http://backend:5352/source/some_random_project/some_random_package?expand=1
    body:
      encoding: US-ASCII
      string: ''
    headers:
      Accept-Encoding:
      - gzip;q=1.0,deflate;q=0.6,identity;q=0.3
      Accept:
      - "*/*"
      User-Agent:
      - Ruby
  response:
    status:
      code: 200
      message: OK
    headers:
      Content-Type:
      - text/xml
      Cache-Control:
      - no-cache
      Connection:
      - close
      Content-Length:
      - '94'
    body:
      encoding: UTF-8
      string: |
        <directory name="some_random_package" srcmd5="d41d8cd98f00b204e9800998ecf8427e">
        </directory>
  recorded_at: Wed, 06 Dec 2023 11:07:30 GMT
- request:
    method: get
    uri: http://backend:5352/source/some_random_project/some_random_package/_history?deleted=0&meta=0
    body:
      encoding: US-ASCII
      string: ''
    headers:
      X-Request-Id:
      - 2e5ab674-c18c-41fd-a9ac-7b76da490a30
      Accept-Encoding:
      - gzip;q=1.0,deflate;q=0.6,identity;q=0.3
      Accept:
      - "*/*"
      User-Agent:
      - Ruby
  response:
    status:
      code: 200
      message: OK
    headers:
      Content-Type:
      - text/xml
      Cache-Control:
      - no-cache
      Connection:
      - close
      Content-Length:
      - '31'
    body:
      encoding: UTF-8
      string: |
        <revisionlist>
        </revisionlist>
  recorded_at: Wed, 06 Dec 2023 11:07:30 GMT
- request:
    method: get
    uri: http://backend:5352/source/some_random_project/some_random_package
    body:
      encoding: US-ASCII
      string: ''
    headers:
      X-Request-Id:
      - 2e5ab674-c18c-41fd-a9ac-7b76da490a30
      Accept-Encoding:
      - gzip;q=1.0,deflate;q=0.6,identity;q=0.3
      Accept:
      - "*/*"
      User-Agent:
      - Ruby
  response:
    status:
      code: 200
      message: OK
    headers:
      Content-Type:
      - text/xml
      Cache-Control:
      - no-cache
      Connection:
      - close
      Content-Length:
      - '94'
    body:
      encoding: UTF-8
      string: |
        <directory name="some_random_package" srcmd5="d41d8cd98f00b204e9800998ecf8427e">
        </directory>
  recorded_at: Wed, 06 Dec 2023 11:07:30 GMT
- request:
    method: get
    uri: http://backend:5352/source/some_random_project/some_random_package
    body:
      encoding: US-ASCII
      string: ''
    headers:
      X-Request-Id:
      - 2e5ab674-c18c-41fd-a9ac-7b76da490a30
      Accept-Encoding:
      - gzip;q=1.0,deflate;q=0.6,identity;q=0.3
      Accept:
      - "*/*"
      User-Agent:
      - Ruby
  response:
    status:
      code: 200
      message: OK
    headers:
      Content-Type:
      - text/xml
      Cache-Control:
      - no-cache
      Connection:
      - close
      Content-Length:
      - '94'
    body:
      encoding: UTF-8
      string: |
        <directory name="some_random_package" srcmd5="d41d8cd98f00b204e9800998ecf8427e">
        </directory>
  recorded_at: Wed, 06 Dec 2023 11:07:30 GMT
- request:
    method: get
    uri: http://backend:5352/build/some_random_project/_result?lastbuild=1&locallink=1&multibuild=1&package=some_random_package&view=status
    body:
      encoding: US-ASCII
      string: ''
    headers:
      X-Request-Id:
      - 6b23db1e-4504-467f-8ca3-5087ab0d2bc0
      Accept-Encoding:
      - gzip;q=1.0,deflate;q=0.6,identity;q=0.3
      Accept:
      - "*/*"
      User-Agent:
      - Ruby
  response:
    status:
      code: 200
      message: OK
    headers:
      Content-Type:
      - text/xml
      Cache-Control:
      - no-cache
      Connection:
      - close
      Content-Length:
      - '55'
    body:
      encoding: UTF-8
      string: '<resultlist state="00000000000000000000000000000000"/>

'
  recorded_at: Wed, 06 Dec 2023 11:07:30 GMT
- request:
    method: get
    uri: http://backend:5352/build/some_random_project/_result?lastbuild=1&locallink=1&multibuild=1&package=some_random_package&view=status
    body:
      encoding: US-ASCII
      string: ''
    headers:
      X-Request-Id:
      - ab8eb80b-344c-4163-97d3-fdd321367287
      Accept-Encoding:
      - gzip;q=1.0,deflate;q=0.6,identity;q=0.3
      Accept:
      - "*/*"
      User-Agent:
      - Ruby
  response:
    status:
      code: 200
      message: OK
    headers:
      Content-Type:
      - text/xml
      Cache-Control:
      - no-cache
      Connection:
      - close
      Content-Length:
      - '55'
    body:
      encoding: UTF-8
      string: '<resultlist state="00000000000000000000000000000000"/>

'
  recorded_at: Wed, 06 Dec 2023 11:07:30 GMT
recorded_with: VCR 6.2.0
