---
http_interactions:
- request:
    method: put
    uri: http://backend:5352/source/home:package_test_user/_meta?user=package_test_user
    body:
      encoding: UTF-8
      string: |
        <project name="home:package_test_user">
          <title/>
          <description/>
          <person userid="package_test_user" role="maintainer"/>
        </project>
    headers:
      Accept-Encoding:
      - gzip;q=1.0,deflate;q=0.6,identity;q=0.3
      Accept:
      - "*/*"
      User-Agent:
      - Ruby
  response:
    status:
      code: 200
      message: OK
    headers:
      Content-Type:
      - text/xml
      Cache-Control:
      - no-cache
      Connection:
      - close
      Content-Length:
      - '156'
    body:
      encoding: UTF-8
      string: |
        <project name="home:package_test_user">
          <title></title>
          <description></description>
          <person userid="package_test_user" role="maintainer"/>
        </project>
  recorded_at: Thu, 01 Aug 2024 17:02:44 GMT
- request:
    method: put
    uri: http://backend:5352/source/home:package_test_user/test_package/_meta?user=user_12
    body:
      encoding: UTF-8
      string: |
        <package name="test_package" project="home:package_test_user">
          <title>The Millstone</title>
          <description>Perferendis ut voluptate dolorem.</description>
        </package>
    headers:
      Accept-Encoding:
      - gzip;q=1.0,deflate;q=0.6,identity;q=0.3
      Accept:
      - "*/*"
      User-Agent:
      - Ruby
  response:
    status:
      code: 200
      message: OK
    headers:
      Content-Type:
      - text/xml
      Cache-Control:
      - no-cache
      Connection:
      - close
      Content-Length:
      - '168'
    body:
      encoding: UTF-8
      string: |
        <package name="test_package" project="home:package_test_user">
          <title>The Millstone</title>
          <description>Perferendis ut voluptate dolorem.</description>
        </package>
  recorded_at: Thu, 01 Aug 2024 17:02:44 GMT
- request:
    method: put
    uri: http://backend:5352/source/home:package_test_user/test_package/_config
    body:
      encoding: UTF-8
      string: Quam voluptatem aliquid. Omnis iure numquam. Sit ut ducimus.
    headers:
      Accept-Encoding:
      - gzip;q=1.0,deflate;q=0.6,identity;q=0.3
      Accept:
      - "*/*"
      User-Agent:
      - Ruby
  response:
    status:
      code: 200
      message: OK
    headers:
      Content-Type:
      - text/xml
      Cache-Control:
      - no-cache
      Connection:
      - close
      Content-Length:
      - '209'
    body:
      encoding: UTF-8
      string: |
        <revision rev="12" vrev="12">
          <srcmd5>980bf7bbb3548be08dd98c0cc9bafc67</srcmd5>
          <version>unknown</version>
          <time>1722531764</time>
          <user>unknown</user>
          <comment></comment>
          <requestid/>
        </revision>
  recorded_at: Thu, 01 Aug 2024 17:02:44 GMT
- request:
    method: put
    uri: http://backend:5352/source/home:package_test_user/test_package/somefile.txt
    body:
      encoding: UTF-8
      string: Non fugiat quasi. Eligendi est inventore. Asperiores omnis possimus.
    headers:
      Accept-Encoding:
      - gzip;q=1.0,deflate;q=0.6,identity;q=0.3
      Accept:
      - "*/*"
      User-Agent:
      - Ruby
  response:
    status:
      code: 200
      message: OK
    headers:
      Content-Type:
      - text/xml
      Cache-Control:
      - no-cache
      Connection:
      - close
      Content-Length:
      - '209'
    body:
      encoding: UTF-8
      string: |
        <revision rev="13" vrev="13">
          <srcmd5>21dc3374c80035a89e254794004d922a</srcmd5>
          <version>unknown</version>
          <time>1722531764</time>
          <user>unknown</user>
          <comment></comment>
          <requestid/>
        </revision>
  recorded_at: Thu, 01 Aug 2024 17:02:44 GMT
- request:
    method: put
    uri: http://backend:5352/source/home:common_user/_meta?user=common_user
    body:
      encoding: UTF-8
      string: |
        <project name="home:common_user">
          <title/>
          <description/>
          <person userid="common_user" role="maintainer"/>
        </project>
    headers:
      Accept-Encoding:
      - gzip;q=1.0,deflate;q=0.6,identity;q=0.3
      Accept:
      - "*/*"
      User-Agent:
      - Ruby
  response:
    status:
      code: 200
      message: OK
    headers:
      Content-Type:
      - text/xml
      Cache-Control:
      - no-cache
      Connection:
      - close
      Content-Length:
      - '144'
    body:
      encoding: UTF-8
      string: |
        <project name="home:common_user">
          <title></title>
          <description></description>
          <person userid="common_user" role="maintainer"/>
        </project>
  recorded_at: Thu, 01 Aug 2024 17:02:44 GMT
- request:
    method: put
    uri: http://backend:5352/source/home:common_user/branch_test_package/_meta?user=user_13
    body:
      encoding: UTF-8
      string: |
        <package name="branch_test_package" project="home:common_user">
          <title>Look to Windward</title>
          <description>Dicta rem nostrum mollitia.</description>
        </package>
    headers:
      Accept-Encoding:
      - gzip;q=1.0,deflate;q=0.6,identity;q=0.3
      Accept:
      - "*/*"
      User-Agent:
      - Ruby
  response:
    status:
      code: 200
      message: OK
    headers:
      Content-Type:
      - text/xml
      Cache-Control:
      - no-cache
      Connection:
      - close
      Content-Length:
      - '166'
    body:
      encoding: UTF-8
      string: |
        <package name="branch_test_package" project="home:common_user">
          <title>Look to Windward</title>
          <description>Dicta rem nostrum mollitia.</description>
        </package>
  recorded_at: Thu, 01 Aug 2024 17:02:44 GMT
- request:
    method: put
    uri: http://backend:5352/source/home:common_user/branch_test_package/_config
    body:
      encoding: UTF-8
      string: Fuga voluptates delectus. Ut commodi beatae. Deleniti corrupti eos.
    headers:
      Accept-Encoding:
      - gzip;q=1.0,deflate;q=0.6,identity;q=0.3
      Accept:
      - "*/*"
      User-Agent:
      - Ruby
  response:
    status:
      code: 200
      message: OK
    headers:
      Content-Type:
      - text/xml
      Cache-Control:
      - no-cache
      Connection:
      - close
      Content-Length:
      - '207'
    body:
      encoding: UTF-8
      string: |
        <revision rev="1" vrev="1">
          <srcmd5>5ade099a0e189a55f2cd614acee7dc92</srcmd5>
          <version>unknown</version>
          <time>1722531764</time>
          <user>unknown</user>
          <comment></comment>
          <requestid/>
        </revision>
  recorded_at: Thu, 01 Aug 2024 17:02:44 GMT
- request:
    method: put
    uri: http://backend:5352/source/home:common_user/branch_test_package/somefile.txt
    body:
      encoding: UTF-8
      string: Iure blanditiis autem. Consequuntur voluptatem ut. Minus recusandae
        quam.
    headers:
      Accept-Encoding:
      - gzip;q=1.0,deflate;q=0.6,identity;q=0.3
      Accept:
      - "*/*"
      User-Agent:
      - Ruby
  response:
    status:
      code: 200
      message: OK
    headers:
      Content-Type:
      - text/xml
      Cache-Control:
      - no-cache
      Connection:
      - close
      Content-Length:
      - '207'
    body:
      encoding: UTF-8
      string: |
        <revision rev="2" vrev="2">
          <srcmd5>a5e84e3f7912febd1c66f90bf1cad411</srcmd5>
          <version>unknown</version>
          <time>1722531764</time>
          <user>unknown</user>
          <comment></comment>
          <requestid/>
        </revision>
  recorded_at: Thu, 01 Aug 2024 17:02:44 GMT
recorded_with: VCR 6.2.0
