---
http_interactions:
- request:
    method: put
    uri: http://backend:5352/source/home:package_test_user/_meta?user=package_test_user
    body:
      encoding: UTF-8
      string: |
        <project name="home:package_test_user">
          <title/>
          <description/>
          <person userid="package_test_user" role="maintainer"/>
        </project>
    headers:
      Accept-Encoding:
      - gzip;q=1.0,deflate;q=0.6,identity;q=0.3
      Accept:
      - "*/*"
      User-Agent:
      - Ruby
  response:
    status:
      code: 200
      message: OK
    headers:
      Content-Type:
      - text/xml
      Cache-Control:
      - no-cache
      Connection:
      - close
      Content-Length:
      - '156'
    body:
      encoding: UTF-8
      string: |
        <project name="home:package_test_user">
          <title></title>
          <description></description>
          <person userid="package_test_user" role="maintainer"/>
        </project>
  recorded_at: Thu, 01 Aug 2024 17:02:49 GMT
- request:
    method: put
    uri: http://backend:5352/source/home:package_test_user/test_package/_meta?user=user_16
    body:
      encoding: UTF-8
      string: |
        <package name="test_package" project="home:package_test_user">
          <title>In Dubious Battle</title>
          <description>Cupiditate vel corporis cumque.</description>
        </package>
    headers:
      Accept-Encoding:
      - gzip;q=1.0,deflate;q=0.6,identity;q=0.3
      Accept:
      - "*/*"
      User-Agent:
      - Ruby
  response:
    status:
      code: 200
      message: OK
    headers:
      Content-Type:
      - text/xml
      Cache-Control:
      - no-cache
      Connection:
      - close
      Content-Length:
      - '170'
    body:
      encoding: UTF-8
      string: |
        <package name="test_package" project="home:package_test_user">
          <title>In Dubious Battle</title>
          <description>Cupiditate vel corporis cumque.</description>
        </package>
  recorded_at: Thu, 01 Aug 2024 17:02:49 GMT
- request:
    method: put
    uri: http://backend:5352/source/home:package_test_user/test_package/_config
    body:
      encoding: UTF-8
      string: Maiores vel est. Libero possimus cum. Dolor alias ratione.
    headers:
      Accept-Encoding:
      - gzip;q=1.0,deflate;q=0.6,identity;q=0.3
      Accept:
      - "*/*"
      User-Agent:
      - Ruby
  response:
    status:
      code: 200
      message: OK
    headers:
      Content-Type:
      - text/xml
      Cache-Control:
      - no-cache
      Connection:
      - close
      Content-Length:
      - '209'
    body:
      encoding: UTF-8
      string: |
        <revision rev="16" vrev="16">
          <srcmd5>08f031a9f648c180395fa8da9f910db6</srcmd5>
          <version>unknown</version>
          <time>1722531769</time>
          <user>unknown</user>
          <comment></comment>
          <requestid/>
        </revision>
  recorded_at: Thu, 01 Aug 2024 17:02:49 GMT
- request:
    method: put
    uri: http://backend:5352/source/home:package_test_user/test_package/somefile.txt
    body:
      encoding: UTF-8
      string: Voluptate rerum quae. Ut reprehenderit qui. Sunt et nihil.
    headers:
      Accept-Encoding:
      - gzip;q=1.0,deflate;q=0.6,identity;q=0.3
      Accept:
      - "*/*"
      User-Agent:
      - Ruby
  response:
    status:
      code: 200
      message: OK
    headers:
      Content-Type:
      - text/xml
      Cache-Control:
      - no-cache
      Connection:
      - close
      Content-Length:
      - '209'
    body:
      encoding: UTF-8
      string: |
        <revision rev="17" vrev="17">
          <srcmd5>c64cacfdd690c822b22f3cd29103f47b</srcmd5>
          <version>unknown</version>
          <time>1722531769</time>
          <user>unknown</user>
          <comment></comment>
          <requestid/>
        </revision>
  recorded_at: Thu, 01 Aug 2024 17:02:49 GMT
- request:
    method: put
    uri: http://backend:5352/source/home:other_package_test_user/_meta?user=other_package_test_user
    body:
      encoding: UTF-8
      string: |
        <project name="home:other_package_test_user">
          <title/>
          <description/>
          <person userid="other_package_test_user" role="maintainer"/>
        </project>
    headers:
      Accept-Encoding:
      - gzip;q=1.0,deflate;q=0.6,identity;q=0.3
      Accept:
      - "*/*"
      User-Agent:
      - Ruby
  response:
    status:
      code: 200
      message: OK
    headers:
      Content-Type:
      - text/xml
      Cache-Control:
      - no-cache
      Connection:
      - close
      Content-Length:
      - '168'
    body:
      encoding: UTF-8
      string: |
        <project name="home:other_package_test_user">
          <title></title>
          <description></description>
          <person userid="other_package_test_user" role="maintainer"/>
        </project>
  recorded_at: Thu, 01 Aug 2024 17:02:49 GMT
- request:
    method: put
    uri: http://backend:5352/source/home:other_package_test_user/branch_test_package/_meta?user=user_17
    body:
      encoding: UTF-8
      string: |
        <package name="branch_test_package" project="home:other_package_test_user">
          <title>That Good Night</title>
          <description>Voluptatem esse explicabo ipsum.</description>
        </package>
    headers:
      Accept-Encoding:
      - gzip;q=1.0,deflate;q=0.6,identity;q=0.3
      Accept:
      - "*/*"
      User-Agent:
      - Ruby
  response:
    status:
      code: 200
      message: OK
    headers:
      Content-Type:
      - text/xml
      Cache-Control:
      - no-cache
      Connection:
      - close
      Content-Length:
      - '182'
    body:
      encoding: UTF-8
      string: |
        <package name="branch_test_package" project="home:other_package_test_user">
          <title>That Good Night</title>
          <description>Voluptatem esse explicabo ipsum.</description>
        </package>
  recorded_at: Thu, 01 Aug 2024 17:02:49 GMT
- request:
    method: put
    uri: http://backend:5352/source/home:other_package_test_user/branch_test_package/_config
    body:
      encoding: UTF-8
      string: Excepturi pariatur iste. Rem voluptatem sit. Ab est excepturi.
    headers:
      Accept-Encoding:
      - gzip;q=1.0,deflate;q=0.6,identity;q=0.3
      Accept:
      - "*/*"
      User-Agent:
      - Ruby
  response:
    status:
      code: 200
      message: OK
    headers:
      Content-Type:
      - text/xml
      Cache-Control:
      - no-cache
      Connection:
      - close
      Content-Length:
      - '209'
    body:
      encoding: UTF-8
      string: |
        <revision rev="13" vrev="13">
          <srcmd5>f859ff977922525fce935c517baee9b3</srcmd5>
          <version>unknown</version>
          <time>1722531769</time>
          <user>unknown</user>
          <comment></comment>
          <requestid/>
        </revision>
  recorded_at: Thu, 01 Aug 2024 17:02:49 GMT
- request:
    method: put
    uri: http://backend:5352/source/home:other_package_test_user/branch_test_package/somefile.txt
    body:
      encoding: UTF-8
      string: Ut ad pariatur. Odit dolores quaerat. Illum quia id.
    headers:
      Accept-Encoding:
      - gzip;q=1.0,deflate;q=0.6,identity;q=0.3
      Accept:
      - "*/*"
      User-Agent:
      - Ruby
  response:
    status:
      code: 200
      message: OK
    headers:
      Content-Type:
      - text/xml
      Cache-Control:
      - no-cache
      Connection:
      - close
      Content-Length:
      - '209'
    body:
      encoding: UTF-8
      string: |
        <revision rev="14" vrev="14">
          <srcmd5>e954b5292c6e7e03eb12b211171eea48</srcmd5>
          <version>unknown</version>
          <time>1722531769</time>
          <user>unknown</user>
          <comment></comment>
          <requestid/>
        </revision>
  recorded_at: Thu, 01 Aug 2024 17:02:49 GMT
- request:
    method: get
    uri: http://backend:5352/source/home:package_test_user/test_package
    body:
      encoding: US-ASCII
      string: ''
    headers:
      X-Request-Id:
      - e3807ae8-dd8a-4ffe-99bc-1b57283571a4
      Accept-Encoding:
      - gzip;q=1.0,deflate;q=0.6,identity;q=0.3
      Accept:
      - "*/*"
      User-Agent:
      - Ruby
  response:
    status:
      code: 200
      message: OK
    headers:
      Content-Type:
      - text/xml
      Cache-Control:
      - no-cache
      Connection:
      - close
      Content-Length:
      - '393'
    body:
      encoding: UTF-8
      string: |
        <directory name="test_package" rev="17" vrev="17" srcmd5="c64cacfdd690c822b22f3cd29103f47b">
          <entry name="_config" md5="f7ddb1043380da74b5e2b79338da8f74" size="58" mtime="1722531769"/>
          <entry name="new_file" md5="d41d8cd98f00b204e9800998ecf8427e" size="0" mtime="1722531760"/>
          <entry name="somefile.txt" md5="2d5fe51069fd7101d6ac0f8cdb769927" size="58" mtime="1722531769"/>
        </directory>
  recorded_at: Thu, 01 Aug 2024 17:02:50 GMT
- request:
    method: get
    uri: http://backend:5352/source/home:package_test_user/test_package?expand=1&rev=17
    body:
      encoding: US-ASCII
      string: ''
    headers:
      Accept-Encoding:
      - gzip;q=1.0,deflate;q=0.6,identity;q=0.3
      Accept:
      - "*/*"
      User-Agent:
      - Ruby
  response:
    status:
      code: 200
      message: OK
    headers:
      Content-Type:
      - text/xml
      Cache-Control:
      - no-cache
      Connection:
      - close
      Content-Length:
      - '393'
    body:
      encoding: UTF-8
      string: |
        <directory name="test_package" rev="17" vrev="17" srcmd5="c64cacfdd690c822b22f3cd29103f47b">
          <entry name="_config" md5="f7ddb1043380da74b5e2b79338da8f74" size="58" mtime="1722531769"/>
          <entry name="new_file" md5="d41d8cd98f00b204e9800998ecf8427e" size="0" mtime="1722531760"/>
          <entry name="somefile.txt" md5="2d5fe51069fd7101d6ac0f8cdb769927" size="58" mtime="1722531769"/>
        </directory>
  recorded_at: Thu, 01 Aug 2024 17:02:50 GMT
- request:
    method: get
    uri: http://backend:5352/source/home:package_test_user/test_package
    body:
      encoding: US-ASCII
      string: ''
    headers:
      X-Request-Id:
      - e3807ae8-dd8a-4ffe-99bc-1b57283571a4
      Accept-Encoding:
      - gzip;q=1.0,deflate;q=0.6,identity;q=0.3
      Accept:
      - "*/*"
      User-Agent:
      - Ruby
  response:
    status:
      code: 200
      message: OK
    headers:
      Content-Type:
      - text/xml
      Cache-Control:
      - no-cache
      Connection:
      - close
      Content-Length:
      - '393'
    body:
      encoding: UTF-8
      string: |
        <directory name="test_package" rev="17" vrev="17" srcmd5="c64cacfdd690c822b22f3cd29103f47b">
          <entry name="_config" md5="f7ddb1043380da74b5e2b79338da8f74" size="58" mtime="1722531769"/>
          <entry name="new_file" md5="d41d8cd98f00b204e9800998ecf8427e" size="0" mtime="1722531760"/>
          <entry name="somefile.txt" md5="2d5fe51069fd7101d6ac0f8cdb769927" size="58" mtime="1722531769"/>
        </directory>
  recorded_at: Thu, 01 Aug 2024 17:02:50 GMT
- request:
    method: get
    uri: http://backend:5352/source/home:package_test_user/test_package
    body:
      encoding: US-ASCII
      string: ''
    headers:
      X-Request-Id:
      - e3807ae8-dd8a-4ffe-99bc-1b57283571a4
      Accept-Encoding:
      - gzip;q=1.0,deflate;q=0.6,identity;q=0.3
      Accept:
      - "*/*"
      User-Agent:
      - Ruby
  response:
    status:
      code: 200
      message: OK
    headers:
      Content-Type:
      - text/xml
      Cache-Control:
      - no-cache
      Connection:
      - close
      Content-Length:
      - '393'
    body:
      encoding: UTF-8
      string: |
        <directory name="test_package" rev="17" vrev="17" srcmd5="c64cacfdd690c822b22f3cd29103f47b">
          <entry name="_config" md5="f7ddb1043380da74b5e2b79338da8f74" size="58" mtime="1722531769"/>
          <entry name="new_file" md5="d41d8cd98f00b204e9800998ecf8427e" size="0" mtime="1722531760"/>
          <entry name="somefile.txt" md5="2d5fe51069fd7101d6ac0f8cdb769927" size="58" mtime="1722531769"/>
        </directory>
  recorded_at: Thu, 01 Aug 2024 17:02:50 GMT
- request:
    method: get
    uri: http://backend:5352/source/home:package_test_user/test_package/_history?deleted=0&meta=0&rev=17
    body:
      encoding: US-ASCII
      string: ''
    headers:
      X-Request-Id:
      - e3807ae8-dd8a-4ffe-99bc-1b57283571a4
      Accept-Encoding:
      - gzip;q=1.0,deflate;q=0.6,identity;q=0.3
      Accept:
      - "*/*"
      User-Agent:
      - Ruby
  response:
    status:
      code: 200
      message: OK
    headers:
      Content-Type:
      - text/xml
      Cache-Control:
      - no-cache
      Connection:
      - close
      Content-Length:
      - '215'
    body:
      encoding: UTF-8
      string: |
        <revisionlist>
          <revision rev="17" vrev="17">
            <srcmd5>c64cacfdd690c822b22f3cd29103f47b</srcmd5>
            <version>unknown</version>
            <time>1722531769</time>
            <user>unknown</user>
          </revision>
        </revisionlist>
  recorded_at: Thu, 01 Aug 2024 17:02:50 GMT
- request:
    method: get
    uri: http://backend:5352/build/home:package_test_user/_result?lastbuild=1&locallink=1&multibuild=1&package=test_package&view=status
    body:
      encoding: US-ASCII
      string: ''
    headers:
      X-Request-Id:
      - 50036a6e-f1d6-40d0-9af7-1fb2c844a832
      Accept-Encoding:
      - gzip;q=1.0,deflate;q=0.6,identity;q=0.3
      Accept:
      - "*/*"
      User-Agent:
      - Ruby
  response:
    status:
      code: 200
      message: OK
    headers:
      Content-Type:
      - text/xml
      Cache-Control:
      - no-cache
      Connection:
      - close
      Content-Length:
      - '55'
    body:
      encoding: UTF-8
      string: '<resultlist state="00000000000000000000000000000000"/>

'
  recorded_at: Thu, 01 Aug 2024 17:02:51 GMT
- request:
    method: get
    uri: http://backend:5352/build/home:package_test_user/_result?package=test_package&view=status
    body:
      encoding: US-ASCII
      string: ''
    headers:
      X-Request-Id:
      - fd7f6305-8339-48a8-82c6-1a9184a6053a
      Accept-Encoding:
      - gzip;q=1.0,deflate;q=0.6,identity;q=0.3
      Accept:
      - "*/*"
      User-Agent:
      - Ruby
  response:
    status:
      code: 200
      message: OK
    headers:
      Content-Type:
      - text/xml
      Cache-Control:
      - no-cache
      Connection:
      - close
      Content-Length:
      - '55'
    body:
      encoding: UTF-8
      string: '<resultlist state="00000000000000000000000000000000"/>

'
  recorded_at: Thu, 01 Aug 2024 17:02:51 GMT
- request:
    method: put
    uri: http://backend:5352/source/home:package_test_user/test_package/_meta?user=package_test_user
    body:
      encoding: UTF-8
      string: |
        <package name="test_package" project="home:package_test_user">
          <title>test "little" title</title>
          <description>test description</description>
          <url>https://test.url</url>
        </package>
    headers:
      Accept-Encoding:
      - gzip;q=1.0,deflate;q=0.6,identity;q=0.3
      Accept:
      - "*/*"
      User-Agent:
      - Ruby
  response:
    status:
      code: 200
      message: OK
    headers:
      Content-Type:
      - text/xml
      Cache-Control:
      - no-cache
      Connection:
      - close
      Content-Length:
      - '197'
    body:
      encoding: UTF-8
      string: |
        <package name="test_package" project="home:package_test_user">
          <title>test &quot;little&quot; title</title>
          <description>test description</description>
          <url>https://test.url</url>
        </package>
  recorded_at: Thu, 01 Aug 2024 17:02:51 GMT
- request:
    method: get
    uri: http://backend:5352/source/home:package_test_user/test_package
    body:
      encoding: US-ASCII
      string: ''
    headers:
      X-Request-Id:
      - f5780b23-08b1-4cdf-8309-43fb71ca8a11
      Accept-Encoding:
      - gzip;q=1.0,deflate;q=0.6,identity;q=0.3
      Accept:
      - "*/*"
      User-Agent:
      - Ruby
  response:
    status:
      code: 200
      message: OK
    headers:
      Content-Type:
      - text/xml
      Cache-Control:
      - no-cache
      Connection:
      - close
      Content-Length:
      - '393'
    body:
      encoding: UTF-8
      string: |
        <directory name="test_package" rev="17" vrev="17" srcmd5="c64cacfdd690c822b22f3cd29103f47b">
          <entry name="_config" md5="f7ddb1043380da74b5e2b79338da8f74" size="58" mtime="1722531769"/>
          <entry name="new_file" md5="d41d8cd98f00b204e9800998ecf8427e" size="0" mtime="1722531760"/>
          <entry name="somefile.txt" md5="2d5fe51069fd7101d6ac0f8cdb769927" size="58" mtime="1722531769"/>
        </directory>
  recorded_at: Thu, 01 Aug 2024 17:02:52 GMT
- request:
    method: get
    uri: http://backend:5352/source/home:package_test_user/test_package?expand=1&rev=17
    body:
      encoding: US-ASCII
      string: ''
    headers:
      Accept-Encoding:
      - gzip;q=1.0,deflate;q=0.6,identity;q=0.3
      Accept:
      - "*/*"
      User-Agent:
      - Ruby
  response:
    status:
      code: 200
      message: OK
    headers:
      Content-Type:
      - text/xml
      Cache-Control:
      - no-cache
      Connection:
      - close
      Content-Length:
      - '393'
    body:
      encoding: UTF-8
      string: |
        <directory name="test_package" rev="17" vrev="17" srcmd5="c64cacfdd690c822b22f3cd29103f47b">
          <entry name="_config" md5="f7ddb1043380da74b5e2b79338da8f74" size="58" mtime="1722531769"/>
          <entry name="new_file" md5="d41d8cd98f00b204e9800998ecf8427e" size="0" mtime="1722531760"/>
          <entry name="somefile.txt" md5="2d5fe51069fd7101d6ac0f8cdb769927" size="58" mtime="1722531769"/>
        </directory>
  recorded_at: Thu, 01 Aug 2024 17:02:52 GMT
- request:
    method: get
    uri: http://backend:5352/source/home:package_test_user/test_package
    body:
      encoding: US-ASCII
      string: ''
    headers:
      X-Request-Id:
      - f5780b23-08b1-4cdf-8309-43fb71ca8a11
      Accept-Encoding:
      - gzip;q=1.0,deflate;q=0.6,identity;q=0.3
      Accept:
      - "*/*"
      User-Agent:
      - Ruby
  response:
    status:
      code: 200
      message: OK
    headers:
      Content-Type:
      - text/xml
      Cache-Control:
      - no-cache
      Connection:
      - close
      Content-Length:
      - '393'
    body:
      encoding: UTF-8
      string: |
        <directory name="test_package" rev="17" vrev="17" srcmd5="c64cacfdd690c822b22f3cd29103f47b">
          <entry name="_config" md5="f7ddb1043380da74b5e2b79338da8f74" size="58" mtime="1722531769"/>
          <entry name="new_file" md5="d41d8cd98f00b204e9800998ecf8427e" size="0" mtime="1722531760"/>
          <entry name="somefile.txt" md5="2d5fe51069fd7101d6ac0f8cdb769927" size="58" mtime="1722531769"/>
        </directory>
  recorded_at: Thu, 01 Aug 2024 17:02:52 GMT
- request:
    method: get
    uri: http://backend:5352/source/home:package_test_user/test_package
    body:
      encoding: US-ASCII
      string: ''
    headers:
      X-Request-Id:
      - f5780b23-08b1-4cdf-8309-43fb71ca8a11
      Accept-Encoding:
      - gzip;q=1.0,deflate;q=0.6,identity;q=0.3
      Accept:
      - "*/*"
      User-Agent:
      - Ruby
  response:
    status:
      code: 200
      message: OK
    headers:
      Content-Type:
      - text/xml
      Cache-Control:
      - no-cache
      Connection:
      - close
      Content-Length:
      - '393'
    body:
      encoding: UTF-8
      string: |
        <directory name="test_package" rev="17" vrev="17" srcmd5="c64cacfdd690c822b22f3cd29103f47b">
          <entry name="_config" md5="f7ddb1043380da74b5e2b79338da8f74" size="58" mtime="1722531769"/>
          <entry name="new_file" md5="d41d8cd98f00b204e9800998ecf8427e" size="0" mtime="1722531760"/>
          <entry name="somefile.txt" md5="2d5fe51069fd7101d6ac0f8cdb769927" size="58" mtime="1722531769"/>
        </directory>
  recorded_at: Thu, 01 Aug 2024 17:02:52 GMT
- request:
    method: get
    uri: http://backend:5352/source/home:package_test_user/test_package/_history?deleted=0&meta=0&rev=17
    body:
      encoding: US-ASCII
      string: ''
    headers:
      X-Request-Id:
      - f5780b23-08b1-4cdf-8309-43fb71ca8a11
      Accept-Encoding:
      - gzip;q=1.0,deflate;q=0.6,identity;q=0.3
      Accept:
      - "*/*"
      User-Agent:
      - Ruby
  response:
    status:
      code: 200
      message: OK
    headers:
      Content-Type:
      - text/xml
      Cache-Control:
      - no-cache
      Connection:
      - close
      Content-Length:
      - '215'
    body:
      encoding: UTF-8
      string: |
        <revisionlist>
          <revision rev="17" vrev="17">
            <srcmd5>c64cacfdd690c822b22f3cd29103f47b</srcmd5>
            <version>unknown</version>
            <time>1722531769</time>
            <user>unknown</user>
          </revision>
        </revisionlist>
  recorded_at: Thu, 01 Aug 2024 17:02:52 GMT
- request:
    method: get
    uri: http://backend:5352/build/home:package_test_user/_result?lastbuild=1&locallink=1&multibuild=1&package=test_package&view=status
    body:
      encoding: US-ASCII
      string: ''
    headers:
      X-Request-Id:
      - 70cf4cf3-6883-4ae3-a2ca-69769703dcba
      Accept-Encoding:
      - gzip;q=1.0,deflate;q=0.6,identity;q=0.3
      Accept:
      - "*/*"
      User-Agent:
      - Ruby
  response:
    status:
      code: 200
      message: OK
    headers:
      Content-Type:
      - text/xml
      Cache-Control:
      - no-cache
      Connection:
      - close
      Content-Length:
      - '55'
    body:
      encoding: UTF-8
      string: '<resultlist state="00000000000000000000000000000000"/>

'
  recorded_at: Thu, 01 Aug 2024 17:02:52 GMT
- request:
    method: get
    uri: http://backend:5352/build/home:package_test_user/_result?package=test_package&view=status
    body:
      encoding: US-ASCII
      string: ''
    headers:
      X-Request-Id:
      - fcce5c36-e7be-4e3a-91b7-b0ee9a665e23
      Accept-Encoding:
      - gzip;q=1.0,deflate;q=0.6,identity;q=0.3
      Accept:
      - "*/*"
      User-Agent:
      - Ruby
  response:
    status:
      code: 200
      message: OK
    headers:
      Content-Type:
      - text/xml
      Cache-Control:
      - no-cache
      Connection:
      - close
      Content-Length:
      - '55'
    body:
      encoding: UTF-8
      string: '<resultlist state="00000000000000000000000000000000"/>

'
  recorded_at: Thu, 01 Aug 2024 17:02:52 GMT
recorded_with: VCR 6.2.0
