---
http_interactions:
- request:
    method: put
    uri: http://backend:5352/source/home:tom/_meta?user=tom
    body:
      encoding: UTF-8
      string: |
        <project name="home:tom">
          <title/>
          <description/>
          <person userid="tom" role="maintainer"/>
        </project>
    headers:
      Accept-Encoding:
      - gzip;q=1.0,deflate;q=0.6,identity;q=0.3
      Accept:
      - "*/*"
      User-Agent:
      - Ruby
  response:
    status:
      code: 200
      message: OK
    headers:
      Content-Type:
      - text/xml
      Cache-Control:
      - no-cache
      Connection:
      - close
      Content-Length:
      - '128'
    body:
      encoding: UTF-8
      string: |
        <project name="home:tom">
          <title></title>
          <description></description>
          <person userid="tom" role="maintainer"/>
        </project>
  recorded_at: Wed, 31 Jan 2024 11:54:19 GMT
- request:
    method: put
    uri: http://backend:5352/source/project_4/_meta?user=tom
    body:
      encoding: UTF-8
      string: |
        <project name="project_4" kind="maintenance">
          <title>An Evil Cradling</title>
          <description/>
          <build>
            <disable/>
          </build>
        </project>
    headers:
      Accept-Encoding:
      - gzip;q=1.0,deflate;q=0.6,identity;q=0.3
      Accept:
      - "*/*"
      User-Agent:
      - Ruby
  response:
    status:
      code: 200
      message: OK
    headers:
      Content-Type:
      - text/xml
      Cache-Control:
      - no-cache
      Connection:
      - close
      Content-Length:
      - '157'
    body:
      encoding: UTF-8
      string: |
        <project name="project_4" kind="maintenance">
          <title>An Evil Cradling</title>
          <description></description>
          <build>
            <disable/>
          </build>
        </project>
  recorded_at: Wed, 31 Jan 2024 11:54:19 GMT
- request:
    method: put
    uri: http://backend:5352/source/project_4/_project/_attribute?meta=1&user=tom
    body:
      encoding: UTF-8
      string: |
        <attributes>
          <attribute name="MaintenanceProject" namespace="OBS"/>
        </attributes>
    headers:
      Accept-Encoding:
      - gzip;q=1.0,deflate;q=0.6,identity;q=0.3
      Accept:
      - "*/*"
      User-Agent:
      - Ruby
  response:
    status:
      code: 200
      message: OK
    headers:
      Content-Type:
      - text/xml
      Cache-Control:
      - no-cache
      Connection:
      - close
      Content-Length:
      - '165'
    body:
      encoding: UTF-8
      string: |
        <revision rev="3">
          <srcmd5>f0a1b74a5322c3830589c3f2f421adb5</srcmd5>
          <time>1706702059</time>
          <user>tom</user>
          <comment></comment>
          <requestid/>
        </revision>
  recorded_at: Wed, 31 Jan 2024 11:54:19 GMT
- request:
    method: put
    uri: http://backend:5352/source/hello_world_project/_meta?user=tom
    body:
      encoding: UTF-8
      string: |
        <project name="hello_world_project" kind="maintenance_incident">
          <title>Nectar in a Sieve</title>
          <description/>
        </project>
    headers:
      Accept-Encoding:
      - gzip;q=1.0,deflate;q=0.6,identity;q=0.3
      Accept:
      - "*/*"
      User-Agent:
      - Ruby
  response:
    status:
      code: 200
      message: OK
    headers:
      Content-Type:
      - text/xml
      Cache-Control:
      - no-cache
      Connection:
      - close
      Content-Length:
      - '141'
    body:
      encoding: UTF-8
      string: |
        <project name="hello_world_project" kind="maintenance_incident">
          <title>Nectar in a Sieve</title>
          <description></description>
        </project>
  recorded_at: Wed, 31 Jan 2024 11:54:19 GMT
- request:
    method: put
    uri: http://backend:5352/source/hello_world_project/hello_world/_meta?user=tom
    body:
      encoding: UTF-8
      string: |
        <package name="hello_world" project="hello_world_project">
          <title>Butter In a Lordly Dish</title>
          <description>Recusandae eum quae saepe.</description>
        </package>
    headers:
      Accept-Encoding:
      - gzip;q=1.0,deflate;q=0.6,identity;q=0.3
      Accept:
      - "*/*"
      User-Agent:
      - Ruby
  response:
    status:
      code: 200
      message: OK
    headers:
      Content-Type:
      - text/xml
      Cache-Control:
      - no-cache
      Connection:
      - close
      Content-Length:
      - '167'
    body:
      encoding: UTF-8
      string: |
        <package name="hello_world" project="hello_world_project">
          <title>Butter In a Lordly Dish</title>
          <description>Recusandae eum quae saepe.</description>
        </package>
  recorded_at: Wed, 31 Jan 2024 11:54:19 GMT
- request:
    method: get
    uri: http://backend:5352/source/hello_world_project/hello_world
    body:
      encoding: US-ASCII
      string: ''
    headers:
      Accept-Encoding:
      - gzip;q=1.0,deflate;q=0.6,identity;q=0.3
      Accept:
      - "*/*"
      User-Agent:
      - Ruby
  response:
    status:
      code: 200
      message: OK
    headers:
      Content-Type:
      - text/xml
      Cache-Control:
      - no-cache
      Connection:
      - close
      Content-Length:
      - '86'
    body:
      encoding: UTF-8
      string: |
        <directory name="hello_world" srcmd5="d41d8cd98f00b204e9800998ecf8427e">
        </directory>
  recorded_at: Wed, 31 Jan 2024 11:54:19 GMT
recorded_with: VCR 6.2.0
