---
http_interactions:
- request:
    method: put
    uri: http://backend:5352/source/home:package_test_user/_meta?user=package_test_user
    body:
      encoding: UTF-8
      string: |
        <project name="home:package_test_user">
          <title/>
          <description/>
          <person userid="package_test_user" role="maintainer"/>
        </project>
    headers:
      Accept-Encoding:
      - gzip;q=1.0,deflate;q=0.6,identity;q=0.3
      Accept:
      - "*/*"
      User-Agent:
      - Ruby
  response:
    status:
      code: 200
      message: OK
    headers:
      Content-Type:
      - text/xml
      Cache-Control:
      - no-cache
      Connection:
      - close
      Content-Length:
      - '156'
    body:
      encoding: UTF-8
      string: |
        <project name="home:package_test_user">
          <title></title>
          <description></description>
          <person userid="package_test_user" role="maintainer"/>
        </project>
  recorded_at: Thu, 01 Aug 2024 17:04:11 GMT
- request:
    method: put
    uri: http://backend:5352/source/home:package_test_user/test_package/_meta?user=user_63
    body:
      encoding: UTF-8
      string: |
        <package name="test_package" project="home:package_test_user">
          <title>O Jerusalem!</title>
          <description>Consectetur consequuntur molestiae sed.</description>
        </package>
    headers:
      Accept-Encoding:
      - gzip;q=1.0,deflate;q=0.6,identity;q=0.3
      Accept:
      - "*/*"
      User-Agent:
      - Ruby
  response:
    status:
      code: 200
      message: OK
    headers:
      Content-Type:
      - text/xml
      Cache-Control:
      - no-cache
      Connection:
      - close
      Content-Length:
      - '173'
    body:
      encoding: UTF-8
      string: |
        <package name="test_package" project="home:package_test_user">
          <title>O Jerusalem!</title>
          <description>Consectetur consequuntur molestiae sed.</description>
        </package>
  recorded_at: Thu, 01 Aug 2024 17:04:12 GMT
- request:
    method: put
    uri: http://backend:5352/source/home:package_test_user/test_package/_config
    body:
      encoding: UTF-8
      string: Sed unde minima. Quibusdam saepe et. Sit qui ut.
    headers:
      Accept-Encoding:
      - gzip;q=1.0,deflate;q=0.6,identity;q=0.3
      Accept:
      - "*/*"
      User-Agent:
      - Ruby
  response:
    status:
      code: 200
      message: OK
    headers:
      Content-Type:
      - text/xml
      Cache-Control:
      - no-cache
      Connection:
      - close
      Content-Length:
      - '209'
    body:
      encoding: UTF-8
      string: |
        <revision rev="40" vrev="40">
          <srcmd5>72d205216d02f2475db15f1c0aeaba48</srcmd5>
          <version>unknown</version>
          <time>1722531852</time>
          <user>unknown</user>
          <comment></comment>
          <requestid/>
        </revision>
  recorded_at: Thu, 01 Aug 2024 17:04:12 GMT
- request:
    method: put
    uri: http://backend:5352/source/home:package_test_user/test_package/somefile.txt
    body:
      encoding: UTF-8
      string: Ex odio facilis. Eveniet dolore exercitationem. Sed laborum et.
    headers:
      Accept-Encoding:
      - gzip;q=1.0,deflate;q=0.6,identity;q=0.3
      Accept:
      - "*/*"
      User-Agent:
      - Ruby
  response:
    status:
      code: 200
      message: OK
    headers:
      Content-Type:
      - text/xml
      Cache-Control:
      - no-cache
      Connection:
      - close
      Content-Length:
      - '209'
    body:
      encoding: UTF-8
      string: |
        <revision rev="41" vrev="41">
          <srcmd5>a9dff38f2871374bd0a59178ff450ad0</srcmd5>
          <version>unknown</version>
          <time>1722531852</time>
          <user>unknown</user>
          <comment></comment>
          <requestid/>
        </revision>
  recorded_at: Thu, 01 Aug 2024 17:04:12 GMT
- request:
    method: put
    uri: http://backend:5352/source/home:other_package_test_user/_meta?user=other_package_test_user
    body:
      encoding: UTF-8
      string: |
        <project name="home:other_package_test_user">
          <title/>
          <description/>
          <person userid="other_package_test_user" role="maintainer"/>
        </project>
    headers:
      Accept-Encoding:
      - gzip;q=1.0,deflate;q=0.6,identity;q=0.3
      Accept:
      - "*/*"
      User-Agent:
      - Ruby
  response:
    status:
      code: 200
      message: OK
    headers:
      Content-Type:
      - text/xml
      Cache-Control:
      - no-cache
      Connection:
      - close
      Content-Length:
      - '168'
    body:
      encoding: UTF-8
      string: |
        <project name="home:other_package_test_user">
          <title></title>
          <description></description>
          <person userid="other_package_test_user" role="maintainer"/>
        </project>
  recorded_at: Thu, 01 Aug 2024 17:04:12 GMT
- request:
    method: put
    uri: http://backend:5352/source/home:other_package_test_user/branch_test_package/_meta?user=user_64
    body:
      encoding: UTF-8
      string: |
        <package name="branch_test_package" project="home:other_package_test_user">
          <title>It's a Battlefield</title>
          <description>Magni reprehenderit sint sed.</description>
        </package>
    headers:
      Accept-Encoding:
      - gzip;q=1.0,deflate;q=0.6,identity;q=0.3
      Accept:
      - "*/*"
      User-Agent:
      - Ruby
  response:
    status:
      code: 200
      message: OK
    headers:
      Content-Type:
      - text/xml
      Cache-Control:
      - no-cache
      Connection:
      - close
      Content-Length:
      - '182'
    body:
      encoding: UTF-8
      string: |
        <package name="branch_test_package" project="home:other_package_test_user">
          <title>It's a Battlefield</title>
          <description>Magni reprehenderit sint sed.</description>
        </package>
  recorded_at: Thu, 01 Aug 2024 17:04:12 GMT
- request:
    method: put
    uri: http://backend:5352/source/home:other_package_test_user/branch_test_package/_config
    body:
      encoding: UTF-8
      string: Asperiores vel exercitationem. Assumenda nobis doloremque. Vero adipisci
        quaerat.
    headers:
      Accept-Encoding:
      - gzip;q=1.0,deflate;q=0.6,identity;q=0.3
      Accept:
      - "*/*"
      User-Agent:
      - Ruby
  response:
    status:
      code: 200
      message: OK
    headers:
      Content-Type:
      - text/xml
      Cache-Control:
      - no-cache
      Connection:
      - close
      Content-Length:
      - '209'
    body:
      encoding: UTF-8
      string: |
        <revision rev="37" vrev="37">
          <srcmd5>c2941f72caff58464c858f9e4f9d79e3</srcmd5>
          <version>unknown</version>
          <time>1722531852</time>
          <user>unknown</user>
          <comment></comment>
          <requestid/>
        </revision>
  recorded_at: Thu, 01 Aug 2024 17:04:12 GMT
- request:
    method: put
    uri: http://backend:5352/source/home:other_package_test_user/branch_test_package/somefile.txt
    body:
      encoding: UTF-8
      string: Dolor aspernatur amet. Occaecati officia ut. Ut a magnam.
    headers:
      Accept-Encoding:
      - gzip;q=1.0,deflate;q=0.6,identity;q=0.3
      Accept:
      - "*/*"
      User-Agent:
      - Ruby
  response:
    status:
      code: 200
      message: OK
    headers:
      Content-Type:
      - text/xml
      Cache-Control:
      - no-cache
      Connection:
      - close
      Content-Length:
      - '209'
    body:
      encoding: UTF-8
      string: |
        <revision rev="38" vrev="38">
          <srcmd5>90c53578adf817566fe5361110ffe32f</srcmd5>
          <version>unknown</version>
          <time>1722531852</time>
          <user>unknown</user>
          <comment></comment>
          <requestid/>
        </revision>
  recorded_at: Thu, 01 Aug 2024 17:04:12 GMT
- request:
    method: get
    uri: http://backend:5352/source/home:other_package_test_user/branch_test_package
    body:
      encoding: US-ASCII
      string: ''
    headers:
      X-Request-Id:
      - 2fdac044-6520-4851-9bd7-6a5883312573
      Accept-Encoding:
      - gzip;q=1.0,deflate;q=0.6,identity;q=0.3
      Accept:
      - "*/*"
      User-Agent:
      - Ruby
  response:
    status:
      code: 200
      message: OK
    headers:
      Content-Type:
      - text/xml
      Cache-Control:
      - no-cache
      Connection:
      - close
      Content-Length:
      - '306'
    body:
      encoding: UTF-8
      string: |
        <directory name="branch_test_package" rev="38" vrev="38" srcmd5="90c53578adf817566fe5361110ffe32f">
          <entry name="_config" md5="b39abc36577baa3d16648ca480953be3" size="81" mtime="1722531852"/>
          <entry name="somefile.txt" md5="43559673fc35b5c67301e77345ee39b2" size="57" mtime="1722531852"/>
        </directory>
  recorded_at: Thu, 01 Aug 2024 17:04:13 GMT
- request:
    method: get
    uri: http://backend:5352/source/home:other_package_test_user/branch_test_package?expand=1&rev=38
    body:
      encoding: US-ASCII
      string: ''
    headers:
      Accept-Encoding:
      - gzip;q=1.0,deflate;q=0.6,identity;q=0.3
      Accept:
      - "*/*"
      User-Agent:
      - Ruby
  response:
    status:
      code: 200
      message: OK
    headers:
      Content-Type:
      - text/xml
      Cache-Control:
      - no-cache
      Connection:
      - close
      Content-Length:
      - '306'
    body:
      encoding: UTF-8
      string: |
        <directory name="branch_test_package" rev="38" vrev="38" srcmd5="90c53578adf817566fe5361110ffe32f">
          <entry name="_config" md5="b39abc36577baa3d16648ca480953be3" size="81" mtime="1722531852"/>
          <entry name="somefile.txt" md5="43559673fc35b5c67301e77345ee39b2" size="57" mtime="1722531852"/>
        </directory>
  recorded_at: Thu, 01 Aug 2024 17:04:13 GMT
- request:
    method: get
    uri: http://backend:5352/source/home:other_package_test_user/branch_test_package/_history?deleted=0&meta=0&rev=38
    body:
      encoding: US-ASCII
      string: ''
    headers:
      X-Request-Id:
      - 2fdac044-6520-4851-9bd7-6a5883312573
      Accept-Encoding:
      - gzip;q=1.0,deflate;q=0.6,identity;q=0.3
      Accept:
      - "*/*"
      User-Agent:
      - Ruby
  response:
    status:
      code: 200
      message: OK
    headers:
      Content-Type:
      - text/xml
      Cache-Control:
      - no-cache
      Connection:
      - close
      Content-Length:
      - '215'
    body:
      encoding: UTF-8
      string: |
        <revisionlist>
          <revision rev="38" vrev="38">
            <srcmd5>90c53578adf817566fe5361110ffe32f</srcmd5>
            <version>unknown</version>
            <time>1722531852</time>
            <user>unknown</user>
          </revision>
        </revisionlist>
  recorded_at: Thu, 01 Aug 2024 17:04:13 GMT
- request:
    method: get
    uri: http://backend:5352/build/home:other_package_test_user/_result?lastbuild=1&locallink=1&multibuild=1&package=branch_test_package&view=status
    body:
      encoding: US-ASCII
      string: ''
    headers:
      X-Request-Id:
      - 30c5d92a-42d1-4e07-902e-61f2a6466da0
      Accept-Encoding:
      - gzip;q=1.0,deflate;q=0.6,identity;q=0.3
      Accept:
      - "*/*"
      User-Agent:
      - Ruby
  response:
    status:
      code: 200
      message: OK
    headers:
      Content-Type:
      - text/xml
      Cache-Control:
      - no-cache
      Connection:
      - close
      Content-Length:
      - '55'
    body:
      encoding: UTF-8
      string: '<resultlist state="00000000000000000000000000000000"/>

'
  recorded_at: Thu, 01 Aug 2024 17:04:13 GMT
- request:
    method: get
    uri: http://backend:5352/build/home:other_package_test_user/_result?package=branch_test_package&view=status
    body:
      encoding: US-ASCII
      string: ''
    headers:
      X-Request-Id:
      - 3c06e769-a013-411b-acd5-64072caad8bd
      Accept-Encoding:
      - gzip;q=1.0,deflate;q=0.6,identity;q=0.3
      Accept:
      - "*/*"
      User-Agent:
      - Ruby
  response:
    status:
      code: 200
      message: OK
    headers:
      Content-Type:
      - text/xml
      Cache-Control:
      - no-cache
      Connection:
      - close
      Content-Length:
      - '55'
    body:
      encoding: UTF-8
      string: '<resultlist state="00000000000000000000000000000000"/>

'
  recorded_at: Thu, 01 Aug 2024 17:04:13 GMT
- request:
    method: post
    uri: http://backend:5352/search/package/id?match=(linkinfo/@package=%22branch_test_package%22%20and%20linkinfo/@project=%22home:other_package_test_user%22%20and%20@project=%22home:other_package_test_user%22)
    body:
      encoding: UTF-8
      string: ''
    headers:
      Content-Type:
      - application/octet-stream
      Accept-Encoding:
      - gzip;q=1.0,deflate;q=0.6,identity;q=0.3
      Accept:
      - "*/*"
      User-Agent:
      - Ruby
  response:
    status:
      code: 200
      message: OK
    headers:
      Content-Type:
      - text/xml
      Cache-Control:
      - no-cache
      Connection:
      - close
      Content-Length:
      - '27'
    body:
      encoding: UTF-8
      string: |
        <collection>
        </collection>
  recorded_at: Thu, 01 Aug 2024 17:04:14 GMT
- request:
    method: put
    uri: http://backend:5352/source/home:package_test_user:branches:home:other_package_test_user/_meta?user=package_test_user
    body:
      encoding: UTF-8
      string: |
        <project name="home:package_test_user:branches:home:other_package_test_user">
          <title>Branch project for package branch_test_package</title>
          <description>This project was created for package branch_test_package via attribute OBS:Maintained</description>
          <person userid="package_test_user" role="maintainer"/>
        </project>
    headers:
      X-Request-Id:
      - b657b714-7e60-4bd5-b07b-fa2f832ef690
      Accept-Encoding:
      - gzip;q=1.0,deflate;q=0.6,identity;q=0.3
      Accept:
      - "*/*"
      User-Agent:
      - Ruby
  response:
    status:
      code: 200
      message: OK
    headers:
      Content-Type:
      - text/xml
      Cache-Control:
      - no-cache
      Connection:
      - close
      Content-Length:
      - '325'
    body:
      encoding: UTF-8
      string: |
        <project name="home:package_test_user:branches:home:other_package_test_user">
          <title>Branch project for package branch_test_package</title>
          <description>This project was created for package branch_test_package via attribute OBS:Maintained</description>
          <person userid="package_test_user" role="maintainer"/>
        </project>
  recorded_at: Thu, 01 Aug 2024 17:04:14 GMT
- request:
    method: put
    uri: http://backend:5352/source/home:package_test_user:branches:home:other_package_test_user/branch_test_package/_meta?user=package_test_user
    body:
      encoding: UTF-8
      string: |
        <package name="branch_test_package" project="home:package_test_user:branches:home:other_package_test_user">
          <title>It's a Battlefield</title>
          <description>Magni reprehenderit sint sed.</description>
        </package>
    headers:
      Accept-Encoding:
      - gzip;q=1.0,deflate;q=0.6,identity;q=0.3
      Accept:
      - "*/*"
      User-Agent:
      - Ruby
  response:
    status:
      code: 200
      message: OK
    headers:
      Content-Type:
      - text/xml
      Cache-Control:
      - no-cache
      Connection:
      - close
      Content-Length:
      - '214'
    body:
      encoding: UTF-8
      string: |
        <package name="branch_test_package" project="home:package_test_user:branches:home:other_package_test_user">
          <title>It's a Battlefield</title>
          <description>Magni reprehenderit sint sed.</description>
        </package>
  recorded_at: Thu, 01 Aug 2024 17:04:14 GMT
- request:
    method: post
    uri: http://backend:5352/source/home:package_test_user:branches:home:other_package_test_user/branch_test_package?cmd=branch&noservice=1&opackage=branch_test_package&oproject=home:other_package_test_user&user=package_test_user
    body:
      encoding: UTF-8
      string: ''
    headers:
      Content-Type:
      - application/octet-stream
      Accept-Encoding:
      - gzip;q=1.0,deflate;q=0.6,identity;q=0.3
      Accept:
      - "*/*"
      User-Agent:
      - Ruby
  response:
    status:
      code: 200
      message: OK
    headers:
      Content-Type:
      - text/xml
      Cache-Control:
      - no-cache
      Connection:
      - close
      Content-Length:
      - '217'
    body:
      encoding: UTF-8
      string: |
        <revision rev="2" vrev="2">
          <srcmd5>29d3f8c41b6a299e157238bbc5c55610</srcmd5>
          <version>unknown</version>
          <time>1722531854</time>
          <user>package_test_user</user>
          <comment></comment>
          <requestid/>
        </revision>
  recorded_at: Thu, 01 Aug 2024 17:04:14 GMT
- request:
    method: put
    uri: http://backend:5352/source/home:package_test_user:branches:home:other_package_test_user/branch_test_package/_meta?user=package_test_user
    body:
      encoding: UTF-8
      string: |
        <package name="branch_test_package" project="home:package_test_user:branches:home:other_package_test_user">
          <title>It's a Battlefield</title>
          <description>Magni reprehenderit sint sed.</description>
        </package>
    headers:
      Accept-Encoding:
      - gzip;q=1.0,deflate;q=0.6,identity;q=0.3
      Accept:
      - "*/*"
      User-Agent:
      - Ruby
  response:
    status:
      code: 200
      message: OK
    headers:
      Content-Type:
      - text/xml
      Cache-Control:
      - no-cache
      Connection:
      - close
      Content-Length:
      - '214'
    body:
      encoding: UTF-8
      string: |
        <package name="branch_test_package" project="home:package_test_user:branches:home:other_package_test_user">
          <title>It's a Battlefield</title>
          <description>Magni reprehenderit sint sed.</description>
        </package>
  recorded_at: Thu, 01 Aug 2024 17:04:14 GMT
- request:
    method: get
    uri: http://backend:5352/source/home:package_test_user:branches:home:other_package_test_user/branch_test_package
    body:
      encoding: US-ASCII
      string: ''
    headers:
      Accept-Encoding:
      - gzip;q=1.0,deflate;q=0.6,identity;q=0.3
      Accept:
      - "*/*"
      User-Agent:
      - Ruby
  response:
    status:
      code: 200
      message: OK
    headers:
      Content-Type:
      - text/xml
      Cache-Control:
      - no-cache
      Connection:
      - close
      Content-Length:
      - '651'
    body:
      encoding: UTF-8
      string: |
        <directory name="branch_test_package" rev="2" vrev="2" srcmd5="29d3f8c41b6a299e157238bbc5c55610">
          <linkinfo project="home:other_package_test_user" package="branch_test_package" srcmd5="90c53578adf817566fe5361110ffe32f" baserev="90c53578adf817566fe5361110ffe32f" xsrcmd5="904c0241033661a71d7ba7df471c751c" lsrcmd5="29d3f8c41b6a299e157238bbc5c55610"/>
          <entry name="_config" md5="b39abc36577baa3d16648ca480953be3" size="81" mtime="1722531852"/>
          <entry name="_link" md5="4ad9f6c822c9ea5bbef474ad70ddf624" size="136" mtime="1722531854"/>
          <entry name="somefile.txt" md5="43559673fc35b5c67301e77345ee39b2" size="57" mtime="1722531852"/>
        </directory>
  recorded_at: Thu, 01 Aug 2024 17:04:14 GMT
- request:
    method: get
    uri: http://backend:5352/source/home:package_test_user:branches:home:other_package_test_user/branch_test_package?view=info
    body:
      encoding: US-ASCII
      string: ''
    headers:
      X-Request-Id:
      - b657b714-7e60-4bd5-b07b-fa2f832ef690
      Accept-Encoding:
      - gzip;q=1.0,deflate;q=0.6,identity;q=0.3
      Accept:
      - "*/*"
      User-Agent:
      - Ruby
  response:
    status:
      code: 200
      message: OK
    headers:
      Content-Type:
      - text/xml
      Cache-Control:
      - no-cache
      Connection:
      - close
      Content-Length:
      - '362'
    body:
      encoding: UTF-8
      string: |
        <sourceinfo package="branch_test_package" rev="2" vrev="40" srcmd5="904c0241033661a71d7ba7df471c751c" lsrcmd5="29d3f8c41b6a299e157238bbc5c55610" verifymd5="90c53578adf817566fe5361110ffe32f">
          <error>bad build configuration, no build type defined or detected</error>
          <linked project="home:other_package_test_user" package="branch_test_package"/>
        </sourceinfo>
  recorded_at: Thu, 01 Aug 2024 17:04:14 GMT
- request:
    method: get
    uri: http://backend:5352/source/home:package_test_user:branches:home:other_package_test_user/branch_test_package
    body:
      encoding: US-ASCII
      string: ''
    headers:
      X-Request-Id:
      - b657b714-7e60-4bd5-b07b-fa2f832ef690
      Accept-Encoding:
      - gzip;q=1.0,deflate;q=0.6,identity;q=0.3
      Accept:
      - "*/*"
      User-Agent:
      - Ruby
  response:
    status:
      code: 200
      message: OK
    headers:
      Content-Type:
      - text/xml
      Cache-Control:
      - no-cache
      Connection:
      - close
      Content-Length:
      - '651'
    body:
      encoding: UTF-8
      string: |
        <directory name="branch_test_package" rev="2" vrev="2" srcmd5="29d3f8c41b6a299e157238bbc5c55610">
          <linkinfo project="home:other_package_test_user" package="branch_test_package" srcmd5="90c53578adf817566fe5361110ffe32f" baserev="90c53578adf817566fe5361110ffe32f" xsrcmd5="904c0241033661a71d7ba7df471c751c" lsrcmd5="29d3f8c41b6a299e157238bbc5c55610"/>
          <entry name="_config" md5="b39abc36577baa3d16648ca480953be3" size="81" mtime="1722531852"/>
          <entry name="_link" md5="4ad9f6c822c9ea5bbef474ad70ddf624" size="136" mtime="1722531854"/>
          <entry name="somefile.txt" md5="43559673fc35b5c67301e77345ee39b2" size="57" mtime="1722531852"/>
        </directory>
  recorded_at: Thu, 01 Aug 2024 17:04:14 GMT
- request:
    method: post
    uri: http://backend:5352/source/home:package_test_user:branches:home:other_package_test_user/branch_test_package?cmd=diff&linkrev=base&onlyissues=1&orev=0&view=xml
    body:
      encoding: UTF-8
      string: ''
    headers:
      Content-Type:
      - application/octet-stream
      Accept-Encoding:
      - gzip;q=1.0,deflate;q=0.6,identity;q=0.3
      Accept:
      - "*/*"
      User-Agent:
      - Ruby
  response:
    status:
      code: 200
      message: OK
    headers:
      Content-Type:
      - text/xml
      Cache-Control:
      - no-cache
      Connection:
      - close
      Content-Length:
      - '420'
    body:
      encoding: UTF-8
      string: |
        <sourcediff key="4b0a6de8bf01e5aa6b54b8a925a19ab1">
          <old project="home:package_test_user:branches:home:other_package_test_user" package="branch_test_package" rev="0" srcmd5="d41d8cd98f00b204e9800998ecf8427e"/>
          <new project="home:package_test_user:branches:home:other_package_test_user" package="branch_test_package" rev="2" srcmd5="29d3f8c41b6a299e157238bbc5c55610"/>
          <files/>
          <issues>
          </issues>
        </sourcediff>
  recorded_at: Thu, 01 Aug 2024 17:04:14 GMT
- request:
    method: post
    uri: http://backend:5352/source/home:package_test_user:branches:home:other_package_test_user/branch_test_package?cmd=linkdiff&linkrev=base&onlyissues=1&view=xml
    body:
      encoding: UTF-8
      string: ''
    headers:
      Content-Type:
      - application/octet-stream
      Accept-Encoding:
      - gzip;q=1.0,deflate;q=0.6,identity;q=0.3
      Accept:
      - "*/*"
      User-Agent:
      - Ruby
  response:
    status:
      code: 200
      message: OK
    headers:
      Content-Type:
      - text/xml
      Cache-Control:
      - no-cache
      Connection:
      - close
      Content-Length:
      - '427'
    body:
      encoding: UTF-8
      string: |
        <sourcediff key="fd978ba901c3de16f01349e2169ab29c">
          <old project="home:other_package_test_user" package="branch_test_package" rev="90c53578adf817566fe5361110ffe32f" srcmd5="90c53578adf817566fe5361110ffe32f"/>
          <new project="home:package_test_user:branches:home:other_package_test_user" package="branch_test_package" rev="904c0241033661a71d7ba7df471c751c" srcmd5="904c0241033661a71d7ba7df471c751c"/>
          <files/>
        </sourcediff>
  recorded_at: Thu, 01 Aug 2024 17:04:14 GMT
- request:
    method: put
    uri: http://backend:5352/source/home:package_test_user:branches:home:other_package_test_user/_meta?user=package_test_user
    body:
      encoding: UTF-8
      string: |
        <project name="home:package_test_user:branches:home:other_package_test_user">
          <title>Branch project for package branch_test_package</title>
          <description>This project was created for package branch_test_package via attribute OBS:Maintained</description>
          <person userid="package_test_user" role="maintainer"/>
          <publish>
            <disable/>
          </publish>
        </project>
    headers:
      X-Request-Id:
      - b657b714-7e60-4bd5-b07b-fa2f832ef690
      Accept-Encoding:
      - gzip;q=1.0,deflate;q=0.6,identity;q=0.3
      Accept:
      - "*/*"
      User-Agent:
      - Ruby
  response:
    status:
      code: 200
      message: OK
    headers:
      Content-Type:
      - text/xml
      Cache-Control:
      - no-cache
      Connection:
      - close
      Content-Length:
      - '365'
    body:
      encoding: UTF-8
      string: |
        <project name="home:package_test_user:branches:home:other_package_test_user">
          <title>Branch project for package branch_test_package</title>
          <description>This project was created for package branch_test_package via attribute OBS:Maintained</description>
          <person userid="package_test_user" role="maintainer"/>
          <publish>
            <disable/>
          </publish>
        </project>
  recorded_at: Thu, 01 Aug 2024 17:04:14 GMT
- request:
    method: get
    uri: http://backend:5352/source/home:other_package_test_user/branch_test_package?view=info
    body:
      encoding: US-ASCII
      string: ''
    headers:
      X-Request-Id:
      - 02600bab-b444-48b7-ae19-17134f599d03
      Accept-Encoding:
      - gzip;q=1.0,deflate;q=0.6,identity;q=0.3
      Accept:
      - "*/*"
      User-Agent:
      - Ruby
  response:
    status:
      code: 200
      message: OK
    headers:
      Content-Type:
      - text/xml
      Cache-Control:
      - no-cache
      Connection:
      - close
      Content-Length:
      - '239'
    body:
      encoding: UTF-8
      string: |
        <sourceinfo package="branch_test_package" rev="38" vrev="38" srcmd5="90c53578adf817566fe5361110ffe32f" verifymd5="90c53578adf817566fe5361110ffe32f">
          <error>bad build configuration, no build type defined or detected</error>
        </sourceinfo>
  recorded_at: Thu, 01 Aug 2024 17:04:14 GMT
- request:
    method: get
    uri: http://backend:5352/source/home:other_package_test_user/branch_test_package
    body:
      encoding: US-ASCII
      string: ''
    headers:
      X-Request-Id:
      - 02600bab-b444-48b7-ae19-17134f599d03
      Accept-Encoding:
      - gzip;q=1.0,deflate;q=0.6,identity;q=0.3
      Accept:
      - "*/*"
      User-Agent:
      - Ruby
  response:
    status:
      code: 200
      message: OK
    headers:
      Content-Type:
      - text/xml
      Cache-Control:
      - no-cache
      Connection:
      - close
      Content-Length:
      - '306'
    body:
      encoding: UTF-8
      string: |
        <directory name="branch_test_package" rev="38" vrev="38" srcmd5="90c53578adf817566fe5361110ffe32f">
          <entry name="_config" md5="b39abc36577baa3d16648ca480953be3" size="81" mtime="1722531852"/>
          <entry name="somefile.txt" md5="43559673fc35b5c67301e77345ee39b2" size="57" mtime="1722531852"/>
        </directory>
  recorded_at: Thu, 01 Aug 2024 17:04:14 GMT
- request:
    method: post
    uri: http://backend:5352/source/home:other_package_test_user/branch_test_package?cmd=diff&linkrev=base&onlyissues=1&orev=0&view=xml
    body:
      encoding: UTF-8
      string: ''
    headers:
      Content-Type:
      - application/octet-stream
      Accept-Encoding:
      - gzip;q=1.0,deflate;q=0.6,identity;q=0.3
      Accept:
      - "*/*"
      User-Agent:
      - Ruby
  response:
    status:
      code: 200
      message: OK
    headers:
      Content-Type:
      - text/xml
      Cache-Control:
      - no-cache
      Connection:
      - close
      Content-Length:
      - '357'
    body:
      encoding: UTF-8
      string: |
        <sourcediff key="a6227d643a0f061cb278716d73c23e64">
          <old project="home:other_package_test_user" package="branch_test_package" rev="0" srcmd5="d41d8cd98f00b204e9800998ecf8427e"/>
          <new project="home:other_package_test_user" package="branch_test_package" rev="38" srcmd5="90c53578adf817566fe5361110ffe32f"/>
          <files/>
          <issues>
          </issues>
        </sourcediff>
  recorded_at: Thu, 01 Aug 2024 17:04:14 GMT
- request:
    method: get
    uri: http://backend:5352/source/home:package_test_user:branches:home:other_package_test_user/branch_test_package
    body:
      encoding: US-ASCII
      string: ''
    headers:
      X-Request-Id:
      - 02600bab-b444-48b7-ae19-17134f599d03
      Accept-Encoding:
      - gzip;q=1.0,deflate;q=0.6,identity;q=0.3
      Accept:
      - "*/*"
      User-Agent:
      - Ruby
  response:
    status:
      code: 200
      message: OK
    headers:
      Content-Type:
      - text/xml
      Cache-Control:
      - no-cache
      Connection:
      - close
      Content-Length:
      - '651'
    body:
      encoding: UTF-8
      string: |
        <directory name="branch_test_package" rev="2" vrev="2" srcmd5="29d3f8c41b6a299e157238bbc5c55610">
          <linkinfo project="home:other_package_test_user" package="branch_test_package" srcmd5="90c53578adf817566fe5361110ffe32f" baserev="90c53578adf817566fe5361110ffe32f" xsrcmd5="904c0241033661a71d7ba7df471c751c" lsrcmd5="29d3f8c41b6a299e157238bbc5c55610"/>
          <entry name="_config" md5="b39abc36577baa3d16648ca480953be3" size="81" mtime="1722531852"/>
          <entry name="_link" md5="4ad9f6c822c9ea5bbef474ad70ddf624" size="136" mtime="1722531854"/>
          <entry name="somefile.txt" md5="43559673fc35b5c67301e77345ee39b2" size="57" mtime="1722531852"/>
        </directory>
  recorded_at: Thu, 01 Aug 2024 17:04:14 GMT
- request:
    method: get
    uri: http://backend:5352/source/home:package_test_user:branches:home:other_package_test_user/branch_test_package?expand=1&rev=2
    body:
      encoding: US-ASCII
      string: ''
    headers:
      Accept-Encoding:
      - gzip;q=1.0,deflate;q=0.6,identity;q=0.3
      Accept:
      - "*/*"
      User-Agent:
      - Ruby
  response:
    status:
      code: 200
      message: OK
    headers:
      Content-Type:
      - text/xml
      Cache-Control:
      - no-cache
      Connection:
      - close
      Content-Length:
      - '547'
    body:
      encoding: UTF-8
      string: |
        <directory name="branch_test_package" rev="904c0241033661a71d7ba7df471c751c" vrev="40" srcmd5="904c0241033661a71d7ba7df471c751c">
          <linkinfo project="home:other_package_test_user" package="branch_test_package" srcmd5="90c53578adf817566fe5361110ffe32f" baserev="90c53578adf817566fe5361110ffe32f" lsrcmd5="29d3f8c41b6a299e157238bbc5c55610"/>
          <entry name="_config" md5="b39abc36577baa3d16648ca480953be3" size="81" mtime="1722531852"/>
          <entry name="somefile.txt" md5="43559673fc35b5c67301e77345ee39b2" size="57" mtime="1722531852"/>
        </directory>
  recorded_at: Thu, 01 Aug 2024 17:04:15 GMT
- request:
    method: get
    uri: http://backend:5352/source/home:package_test_user:branches:home:other_package_test_user/branch_test_package
    body:
      encoding: US-ASCII
      string: ''
    headers:
      X-Request-Id:
      - 02600bab-b444-48b7-ae19-17134f599d03
      Accept-Encoding:
      - gzip;q=1.0,deflate;q=0.6,identity;q=0.3
      Accept:
      - "*/*"
      User-Agent:
      - Ruby
  response:
    status:
      code: 200
      message: OK
    headers:
      Content-Type:
      - text/xml
      Cache-Control:
      - no-cache
      Connection:
      - close
      Content-Length:
      - '651'
    body:
      encoding: UTF-8
      string: |
        <directory name="branch_test_package" rev="2" vrev="2" srcmd5="29d3f8c41b6a299e157238bbc5c55610">
          <linkinfo project="home:other_package_test_user" package="branch_test_package" srcmd5="90c53578adf817566fe5361110ffe32f" baserev="90c53578adf817566fe5361110ffe32f" xsrcmd5="904c0241033661a71d7ba7df471c751c" lsrcmd5="29d3f8c41b6a299e157238bbc5c55610"/>
          <entry name="_config" md5="b39abc36577baa3d16648ca480953be3" size="81" mtime="1722531852"/>
          <entry name="_link" md5="4ad9f6c822c9ea5bbef474ad70ddf624" size="136" mtime="1722531854"/>
          <entry name="somefile.txt" md5="43559673fc35b5c67301e77345ee39b2" size="57" mtime="1722531852"/>
        </directory>
  recorded_at: Thu, 01 Aug 2024 17:04:15 GMT
- request:
    method: get
    uri: http://backend:5352/source/home:package_test_user:branches:home:other_package_test_user/branch_test_package
    body:
      encoding: US-ASCII
      string: ''
    headers:
      X-Request-Id:
      - 02600bab-b444-48b7-ae19-17134f599d03
      Accept-Encoding:
      - gzip;q=1.0,deflate;q=0.6,identity;q=0.3
      Accept:
      - "*/*"
      User-Agent:
      - Ruby
  response:
    status:
      code: 200
      message: OK
    headers:
      Content-Type:
      - text/xml
      Cache-Control:
      - no-cache
      Connection:
      - close
      Content-Length:
      - '651'
    body:
      encoding: UTF-8
      string: |
        <directory name="branch_test_package" rev="2" vrev="2" srcmd5="29d3f8c41b6a299e157238bbc5c55610">
          <linkinfo project="home:other_package_test_user" package="branch_test_package" srcmd5="90c53578adf817566fe5361110ffe32f" baserev="90c53578adf817566fe5361110ffe32f" xsrcmd5="904c0241033661a71d7ba7df471c751c" lsrcmd5="29d3f8c41b6a299e157238bbc5c55610"/>
          <entry name="_config" md5="b39abc36577baa3d16648ca480953be3" size="81" mtime="1722531852"/>
          <entry name="_link" md5="4ad9f6c822c9ea5bbef474ad70ddf624" size="136" mtime="1722531854"/>
          <entry name="somefile.txt" md5="43559673fc35b5c67301e77345ee39b2" size="57" mtime="1722531852"/>
        </directory>
  recorded_at: Thu, 01 Aug 2024 17:04:15 GMT
- request:
    method: get
    uri: http://backend:5352/source/home:package_test_user:branches:home:other_package_test_user/branch_test_package/_history?deleted=0&meta=0&rev=2
    body:
      encoding: US-ASCII
      string: ''
    headers:
      X-Request-Id:
      - 02600bab-b444-48b7-ae19-17134f599d03
      Accept-Encoding:
      - gzip;q=1.0,deflate;q=0.6,identity;q=0.3
      Accept:
      - "*/*"
      User-Agent:
      - Ruby
  response:
    status:
      code: 200
      message: OK
    headers:
      Content-Type:
      - text/xml
      Cache-Control:
      - no-cache
      Connection:
      - close
      Content-Length:
      - '223'
    body:
      encoding: UTF-8
      string: |
        <revisionlist>
          <revision rev="2" vrev="2">
            <srcmd5>29d3f8c41b6a299e157238bbc5c55610</srcmd5>
            <version>unknown</version>
            <time>1722531854</time>
            <user>package_test_user</user>
          </revision>
        </revisionlist>
  recorded_at: Thu, 01 Aug 2024 17:04:15 GMT
- request:
    method: get
    uri: http://backend:5352/build/home:package_test_user:branches:home:other_package_test_user/_result?lastbuild=1&locallink=1&multibuild=1&package=branch_test_package&view=status
    body:
      encoding: US-ASCII
      string: ''
    headers:
      X-Request-Id:
      - 14ad6a81-972b-4b38-9962-e0c5609116d3
      Accept-Encoding:
      - gzip;q=1.0,deflate;q=0.6,identity;q=0.3
      Accept:
      - "*/*"
      User-Agent:
      - Ruby
  response:
    status:
      code: 200
      message: OK
    headers:
      Content-Type:
      - text/xml
      Cache-Control:
      - no-cache
      Connection:
      - close
      Content-Length:
      - '55'
    body:
      encoding: UTF-8
      string: '<resultlist state="00000000000000000000000000000000"/>

'
  recorded_at: Thu, 01 Aug 2024 17:04:15 GMT
- request:
    method: get
    uri: http://backend:5352/build/home:package_test_user:branches:home:other_package_test_user/_result?package=branch_test_package&view=status
    body:
      encoding: US-ASCII
      string: ''
    headers:
      X-Request-Id:
      - 5609c49f-ea25-40f2-8918-30473a53a313
      Accept-Encoding:
      - gzip;q=1.0,deflate;q=0.6,identity;q=0.3
      Accept:
      - "*/*"
      User-Agent:
      - Ruby
  response:
    status:
      code: 200
      message: OK
    headers:
      Content-Type:
      - text/xml
      Cache-Control:
      - no-cache
      Connection:
      - close
      Content-Length:
      - '55'
    body:
      encoding: UTF-8
      string: '<resultlist state="00000000000000000000000000000000"/>

'
  recorded_at: Thu, 01 Aug 2024 17:04:15 GMT
recorded_with: VCR 6.2.0
