---
http_interactions:
- request:
    method: get
    uri: http://backend:5352/source/home:titan/goal
    body:
      encoding: US-ASCII
      string: ''
    headers:
      X-Request-Id:
      - fa7ea1f1-93b6-46b9-935f-4ade633f2495
      Accept-Encoding:
      - gzip;q=1.0,deflate;q=0.6,identity;q=0.3
      Accept:
      - "*/*"
      User-Agent:
      - Ruby
  response:
    status:
      code: 404
      message: project 'home titan' does not exist
    headers:
      Content-Type:
      - text/xml
      Cache-Control:
      - no-cache
      Connection:
      - close
      Content-Length:
      - '148'
    body:
      encoding: UTF-8
      string: |
        <status code="404">
          <summary>project 'home:titan' does not exist</summary>
          <details>404 project 'home:titan' does not exist</details>
        </status>
  recorded_at: Mon, 09 Sep 2024 09:29:52 GMT
- request:
    method: get
    uri: http://backend:5352/source/home:titan/goal?expand=1
    body:
      encoding: US-ASCII
      string: ''
    headers:
      Accept-Encoding:
      - gzip;q=1.0,deflate;q=0.6,identity;q=0.3
      Accept:
      - "*/*"
      User-Agent:
      - Ruby
  response:
    status:
      code: 404
      message: project 'home titan' does not exist
    headers:
      Content-Type:
      - text/xml
      Cache-Control:
      - no-cache
      Connection:
      - close
      Content-Length:
      - '148'
    body:
      encoding: UTF-8
      string: |
        <status code="404">
          <summary>project 'home:titan' does not exist</summary>
          <details>404 project 'home:titan' does not exist</details>
        </status>
  recorded_at: Mon, 09 Sep 2024 09:29:52 GMT
- request:
    method: get
    uri: http://backend:5352/source/home:titan/goal
    body:
      encoding: US-ASCII
      string: ''
    headers:
      X-Request-Id:
      - fa7ea1f1-93b6-46b9-935f-4ade633f2495
      Accept-Encoding:
      - gzip;q=1.0,deflate;q=0.6,identity;q=0.3
      Accept:
      - "*/*"
      User-Agent:
      - Ruby
  response:
    status:
      code: 404
      message: project 'home titan' does not exist
    headers:
      Content-Type:
      - text/xml
      Cache-Control:
      - no-cache
      Connection:
      - close
      Content-Length:
      - '148'
    body:
      encoding: UTF-8
      string: |
        <status code="404">
          <summary>project 'home:titan' does not exist</summary>
          <details>404 project 'home:titan' does not exist</details>
        </status>
  recorded_at: Mon, 09 Sep 2024 09:29:52 GMT
- request:
    method: get
    uri: http://backend:5352/source/home:titan/goal?expand=0
    body:
      encoding: US-ASCII
      string: ''
    headers:
      Accept-Encoding:
      - gzip;q=1.0,deflate;q=0.6,identity;q=0.3
      Accept:
      - "*/*"
      User-Agent:
      - Ruby
  response:
    status:
      code: 404
      message: project 'home titan' does not exist
    headers:
      Content-Type:
      - text/xml
      Cache-Control:
      - no-cache
      Connection:
      - close
      Content-Length:
      - '148'
    body:
      encoding: UTF-8
      string: |
        <status code="404">
          <summary>project 'home:titan' does not exist</summary>
          <details>404 project 'home:titan' does not exist</details>
        </status>
  recorded_at: Mon, 09 Sep 2024 09:29:52 GMT
- request:
    method: get
    uri: http://backend:5352/build/home:titan/_result?lastbuild=1&locallink=1&multibuild=1&package=goal&view=status
    body:
      encoding: US-ASCII
      string: ''
    headers:
      X-Request-Id:
      - 26a9e731-bec1-4d9e-9732-af788df85cf8
      Accept-Encoding:
      - gzip;q=1.0,deflate;q=0.6,identity;q=0.3
      Accept:
      - "*/*"
      User-Agent:
      - Ruby
  response:
    status:
      code: 404
      message: project 'home titan' does not exist
    headers:
      Content-Type:
      - text/xml
      Cache-Control:
      - no-cache
      Connection:
      - close
      Content-Length:
      - '148'
    body:
      encoding: UTF-8
      string: |
        <status code="404">
          <summary>project 'home:titan' does not exist</summary>
          <details>404 project 'home:titan' does not exist</details>
        </status>
  recorded_at: Mon, 09 Sep 2024 09:29:52 GMT
- request:
    method: get
    uri: http://backend:5352/build/home:titan/_result?package=goal&view=status
    body:
      encoding: US-ASCII
      string: ''
    headers:
      X-Request-Id:
      - b582d653-ce68-4bd4-af95-dea98ec78216
      Accept-Encoding:
      - gzip;q=1.0,deflate;q=0.6,identity;q=0.3
      Accept:
      - "*/*"
      User-Agent:
      - Ruby
  response:
    status:
      code: 404
      message: project 'home titan' does not exist
    headers:
      Content-Type:
      - text/xml
      Cache-Control:
      - no-cache
      Connection:
      - close
      Content-Length:
      - '148'
    body:
      encoding: UTF-8
      string: |
        <status code="404">
          <summary>project 'home:titan' does not exist</summary>
          <details>404 project 'home:titan' does not exist</details>
        </status>
  recorded_at: Mon, 09 Sep 2024 09:29:52 GMT
- request:
    method: get
    uri: http://backend:5352/source/home:titan/goal
    body:
      encoding: US-ASCII
      string: ''
    headers:
      X-Request-Id:
      - 1cdfd2fd-042b-43a6-8522-4871409577b0
      Accept-Encoding:
      - gzip;q=1.0,deflate;q=0.6,identity;q=0.3
      Accept:
      - "*/*"
      User-Agent:
      - Ruby
  response:
    status:
      code: 404
      message: project 'home titan' does not exist
    headers:
      Content-Type:
      - text/xml
      Cache-Control:
      - no-cache
      Connection:
      - close
      Content-Length:
      - '148'
    body:
      encoding: UTF-8
      string: |
        <status code="404">
          <summary>project 'home:titan' does not exist</summary>
          <details>404 project 'home:titan' does not exist</details>
        </status>
  recorded_at: Mon, 09 Sep 2024 09:29:52 GMT
- request:
    method: get
    uri: http://backend:5352/source/home:titan/goal?expand=1
    body:
      encoding: US-ASCII
      string: ''
    headers:
      Accept-Encoding:
      - gzip;q=1.0,deflate;q=0.6,identity;q=0.3
      Accept:
      - "*/*"
      User-Agent:
      - Ruby
  response:
    status:
      code: 404
      message: project 'home titan' does not exist
    headers:
      Content-Type:
      - text/xml
      Cache-Control:
      - no-cache
      Connection:
      - close
      Content-Length:
      - '148'
    body:
      encoding: UTF-8
      string: |
        <status code="404">
          <summary>project 'home:titan' does not exist</summary>
          <details>404 project 'home:titan' does not exist</details>
        </status>
  recorded_at: Mon, 09 Sep 2024 09:29:52 GMT
- request:
    method: get
    uri: http://backend:5352/source/home:titan/goal
    body:
      encoding: US-ASCII
      string: ''
    headers:
      X-Request-Id:
      - 1cdfd2fd-042b-43a6-8522-4871409577b0
      Accept-Encoding:
      - gzip;q=1.0,deflate;q=0.6,identity;q=0.3
      Accept:
      - "*/*"
      User-Agent:
      - Ruby
  response:
    status:
      code: 404
      message: project 'home titan' does not exist
    headers:
      Content-Type:
      - text/xml
      Cache-Control:
      - no-cache
      Connection:
      - close
      Content-Length:
      - '148'
    body:
      encoding: UTF-8
      string: |
        <status code="404">
          <summary>project 'home:titan' does not exist</summary>
          <details>404 project 'home:titan' does not exist</details>
        </status>
  recorded_at: Mon, 09 Sep 2024 09:29:52 GMT
- request:
    method: get
    uri: http://backend:5352/source/home:titan/goal?expand=0
    body:
      encoding: US-ASCII
      string: ''
    headers:
      Accept-Encoding:
      - gzip;q=1.0,deflate;q=0.6,identity;q=0.3
      Accept:
      - "*/*"
      User-Agent:
      - Ruby
  response:
    status:
      code: 404
      message: project 'home titan' does not exist
    headers:
      Content-Type:
      - text/xml
      Cache-Control:
      - no-cache
      Connection:
      - close
      Content-Length:
      - '148'
    body:
      encoding: UTF-8
      string: |
        <status code="404">
          <summary>project 'home:titan' does not exist</summary>
          <details>404 project 'home:titan' does not exist</details>
        </status>
  recorded_at: Mon, 09 Sep 2024 09:29:52 GMT
- request:
    method: get
    uri: http://backend:5352/build/home:titan/_result?lastbuild=1&locallink=1&multibuild=1&package=goal&view=status
    body:
      encoding: US-ASCII
      string: ''
    headers:
      X-Request-Id:
      - fc964527-60c5-4aa9-98aa-7ec979cfd919
      Accept-Encoding:
      - gzip;q=1.0,deflate;q=0.6,identity;q=0.3
      Accept:
      - "*/*"
      User-Agent:
      - Ruby
  response:
    status:
      code: 404
      message: project 'home titan' does not exist
    headers:
      Content-Type:
      - text/xml
      Cache-Control:
      - no-cache
      Connection:
      - close
      Content-Length:
      - '148'
    body:
      encoding: UTF-8
      string: |
        <status code="404">
          <summary>project 'home:titan' does not exist</summary>
          <details>404 project 'home:titan' does not exist</details>
        </status>
  recorded_at: Mon, 09 Sep 2024 09:29:52 GMT
- request:
    method: get
    uri: http://backend:5352/build/home:titan/_result?package=goal&view=status
    body:
      encoding: US-ASCII
      string: ''
    headers:
      X-Request-Id:
      - 0c36b14d-67b2-4fcb-be9d-94d85af14ca2
      Accept-Encoding:
      - gzip;q=1.0,deflate;q=0.6,identity;q=0.3
      Accept:
      - "*/*"
      User-Agent:
      - Ruby
  response:
    status:
      code: 404
      message: project 'home titan' does not exist
    headers:
      Content-Type:
      - text/xml
      Cache-Control:
      - no-cache
      Connection:
      - close
      Content-Length:
      - '148'
    body:
      encoding: UTF-8
      string: |
        <status code="404">
          <summary>project 'home:titan' does not exist</summary>
          <details>404 project 'home:titan' does not exist</details>
        </status>
  recorded_at: Mon, 09 Sep 2024 09:29:53 GMT
recorded_with: VCR 6.3.1
