---
http_interactions:
- request:
    method: put
    uri: http://backend:5352/source/source_project/_meta?user=user_11
    body:
      encoding: UTF-8
      string: |
        <project name="source_project">
          <title>The Needle's Eye</title>
          <description/>
          <person userid="foo" role="maintainer"/>
        </project>
    headers:
      Accept-Encoding:
      - gzip;q=1.0,deflate;q=0.6,identity;q=0.3
      Accept:
      - "*/*"
      User-Agent:
      - Ruby
  response:
    status:
      code: 200
      message: OK
    headers:
      Content-Type:
      - text/xml
      Cache-Control:
      - no-cache
      Connection:
      - close
      Content-Length:
      - '150'
    body:
      encoding: UTF-8
      string: |
        <project name="source_project">
          <title>The Needle's Eye</title>
          <description></description>
          <person userid="foo" role="maintainer"/>
        </project>
  recorded_at: Wed, 03 Jan 2024 15:43:58 GMT
- request:
    method: put
    uri: http://backend:5352/source/target_project/_meta?user=user_12
    body:
      encoding: UTF-8
      string: |
        <project name="target_project">
          <title>The Other Side of Silence</title>
          <description/>
          <person userid="foo" role="maintainer"/>
        </project>
    headers:
      Accept-Encoding:
      - gzip;q=1.0,deflate;q=0.6,identity;q=0.3
      Accept:
      - "*/*"
      User-Agent:
      - Ruby
  response:
    status:
      code: 200
      message: OK
    headers:
      Content-Type:
      - text/xml
      Cache-Control:
      - no-cache
      Connection:
      - close
      Content-Length:
      - '159'
    body:
      encoding: UTF-8
      string: |
        <project name="target_project">
          <title>The Other Side of Silence</title>
          <description></description>
          <person userid="foo" role="maintainer"/>
        </project>
  recorded_at: Wed, 03 Jan 2024 15:43:58 GMT
- request:
    method: put
    uri: http://backend:5352/source/source_project/source_package/_meta?user=user_13
    body:
      encoding: UTF-8
      string: |
        <package name="source_package" project="source_project">
          <title>Let Us Now Praise Famous Men</title>
          <description>Ab cupiditate at voluptatem.</description>
        </package>
    headers:
      Accept-Encoding:
      - gzip;q=1.0,deflate;q=0.6,identity;q=0.3
      Accept:
      - "*/*"
      User-Agent:
      - Ruby
  response:
    status:
      code: 200
      message: OK
    headers:
      Content-Type:
      - text/xml
      Cache-Control:
      - no-cache
      Connection:
      - close
      Content-Length:
      - '172'
    body:
      encoding: UTF-8
      string: |
        <package name="source_package" project="source_project">
          <title>Let Us Now Praise Famous Men</title>
          <description>Ab cupiditate at voluptatem.</description>
        </package>
  recorded_at: Wed, 03 Jan 2024 15:43:59 GMT
- request:
    method: post
    uri: http://backend:5352/build/target_project?cmd=suspendproject&comment=Releasing%20via%20trigger%20event
    body:
      encoding: UTF-8
      string: ''
    headers:
      Content-Type:
      - application/octet-stream
      Accept-Encoding:
      - gzip;q=1.0,deflate;q=0.6,identity;q=0.3
      Accept:
      - "*/*"
      User-Agent:
      - Ruby
  response:
    status:
      code: 200
      message: OK
    headers:
      Content-Type:
      - text/xml
      Cache-Control:
      - no-cache
      Connection:
      - close
      Content-Length:
      - '21'
    body:
      encoding: UTF-8
      string: '<status code="ok" />

'
  recorded_at: Wed, 03 Jan 2024 15:43:59 GMT
- request:
    method: put
    uri: http://backend:5352/source/target_project/source_package/_meta?user=foo
    body:
      encoding: UTF-8
      string: |
        <package name="source_package" project="target_project">
          <title>Let Us Now Praise Famous Men</title>
          <description>Ab cupiditate at voluptatem.</description>
        </package>
    headers:
      Accept-Encoding:
      - gzip;q=1.0,deflate;q=0.6,identity;q=0.3
      Accept:
      - "*/*"
      User-Agent:
      - Ruby
  response:
    status:
      code: 200
      message: OK
    headers:
      Content-Type:
      - text/xml
      Cache-Control:
      - no-cache
      Connection:
      - close
      Content-Length:
      - '172'
    body:
      encoding: UTF-8
      string: |
        <package name="source_package" project="target_project">
          <title>Let Us Now Praise Famous Men</title>
          <description>Ab cupiditate at voluptatem.</description>
        </package>
  recorded_at: Wed, 03 Jan 2024 15:43:59 GMT
- request:
    method: put
    uri: http://backend:5352/source/target_project/source_package/_meta?user=foo
    body:
      encoding: UTF-8
      string: |
        <package name="source_package" project="target_project">
          <title>Let Us Now Praise Famous Men</title>
          <description>Ab cupiditate at voluptatem.</description>
        </package>
    headers:
      Accept-Encoding:
      - gzip;q=1.0,deflate;q=0.6,identity;q=0.3
      Accept:
      - "*/*"
      User-Agent:
      - Ruby
  response:
    status:
      code: 200
      message: OK
    headers:
      Content-Type:
      - text/xml
      Cache-Control:
      - no-cache
      Connection:
      - close
      Content-Length:
      - '172'
    body:
      encoding: UTF-8
      string: |
        <package name="source_package" project="target_project">
          <title>Let Us Now Praise Famous Men</title>
          <description>Ab cupiditate at voluptatem.</description>
        </package>
  recorded_at: Wed, 03 Jan 2024 15:43:59 GMT
- request:
    method: post
    uri: http://backend:5352/source/target_project/source_package?cmd=copy&comment=Release%20from%20source_project%20/%20source_package&expand=1&noservice=1&opackage=source_package&oproject=source_project&user=foo&withacceptinfo=1&withvrev=1
    body:
      encoding: UTF-8
      string: ''
    headers:
      Content-Type:
      - application/octet-stream
      Accept-Encoding:
      - gzip;q=1.0,deflate;q=0.6,identity;q=0.3
      Accept:
      - "*/*"
      User-Agent:
      - Ruby
  response:
    status:
      code: 200
      message: OK
    headers:
      Content-Type:
      - text/xml
      Cache-Control:
      - no-cache
      Connection:
      - close
      Content-Length:
      - '247'
    body:
      encoding: UTF-8
      string: |
        <revision rev="9" vrev="9">
          <srcmd5>d41d8cd98f00b204e9800998ecf8427e</srcmd5>
          <version>unknown</version>
          <time>1704296639</time>
          <user>foo</user>
          <comment>Release from source_project / source_package</comment>
          <requestid/>
        </revision>
  recorded_at: Wed, 03 Jan 2024 15:43:59 GMT
- request:
    method: put
    uri: http://backend:5352/source/target_project/source_package/_meta?user=foo
    body:
      encoding: UTF-8
      string: |
        <package name="source_package" project="target_project">
          <title>Let Us Now Praise Famous Men</title>
          <description>Ab cupiditate at voluptatem.</description>
        </package>
    headers:
      Accept-Encoding:
      - gzip;q=1.0,deflate;q=0.6,identity;q=0.3
      Accept:
      - "*/*"
      User-Agent:
      - Ruby
  response:
    status:
      code: 200
      message: OK
    headers:
      Content-Type:
      - text/xml
      Cache-Control:
      - no-cache
      Connection:
      - close
      Content-Length:
      - '172'
    body:
      encoding: UTF-8
      string: |
        <package name="source_package" project="target_project">
          <title>Let Us Now Praise Famous Men</title>
          <description>Ab cupiditate at voluptatem.</description>
        </package>
  recorded_at: Wed, 03 Jan 2024 15:43:59 GMT
- request:
    method: get
    uri: http://backend:5352/source/target_project/source_package
    body:
      encoding: US-ASCII
      string: ''
    headers:
      Accept-Encoding:
      - gzip;q=1.0,deflate;q=0.6,identity;q=0.3
      Accept:
      - "*/*"
      User-Agent:
      - Ruby
  response:
    status:
      code: 200
      message: OK
    headers:
      Content-Type:
      - text/xml
      Cache-Control:
      - no-cache
      Connection:
      - close
      Content-Length:
      - '106'
    body:
      encoding: UTF-8
      string: |
        <directory name="source_package" rev="9" vrev="9" srcmd5="d41d8cd98f00b204e9800998ecf8427e">
        </directory>
  recorded_at: Wed, 03 Jan 2024 15:43:59 GMT
- request:
    method: get
    uri: http://backend:5352/source/target_project/source_package?view=info
    body:
      encoding: US-ASCII
      string: ''
    headers:
      Accept-Encoding:
      - gzip;q=1.0,deflate;q=0.6,identity;q=0.3
      Accept:
      - "*/*"
      User-Agent:
      - Ruby
  response:
    status:
      code: 200
      message: OK
    headers:
      Content-Type:
      - text/xml
      Cache-Control:
      - no-cache
      Connection:
      - close
      Content-Length:
      - '147'
    body:
      encoding: UTF-8
      string: |
        <sourceinfo package="source_package" rev="9" vrev="9" srcmd5="d41d8cd98f00b204e9800998ecf8427e">
          <error>no source uploaded</error>
        </sourceinfo>
  recorded_at: Wed, 03 Jan 2024 15:43:59 GMT
- request:
    method: get
    uri: http://backend:5352/source/target_project/source_package
    body:
      encoding: US-ASCII
      string: ''
    headers:
      Accept-Encoding:
      - gzip;q=1.0,deflate;q=0.6,identity;q=0.3
      Accept:
      - "*/*"
      User-Agent:
      - Ruby
  response:
    status:
      code: 200
      message: OK
    headers:
      Content-Type:
      - text/xml
      Cache-Control:
      - no-cache
      Connection:
      - close
      Content-Length:
      - '106'
    body:
      encoding: UTF-8
      string: |
        <directory name="source_package" rev="9" vrev="9" srcmd5="d41d8cd98f00b204e9800998ecf8427e">
        </directory>
  recorded_at: Wed, 03 Jan 2024 15:43:59 GMT
- request:
    method: post
    uri: http://backend:5352/source/target_project/source_package?cmd=diff&linkrev=base&onlyissues=1&orev=0&view=xml
    body:
      encoding: UTF-8
      string: ''
    headers:
      Content-Type:
      - application/octet-stream
      Accept-Encoding:
      - gzip;q=1.0,deflate;q=0.6,identity;q=0.3
      Accept:
      - "*/*"
      User-Agent:
      - Ruby
  response:
    status:
      code: 200
      message: OK
    headers:
      Content-Type:
      - text/xml
      Cache-Control:
      - no-cache
      Connection:
      - close
      Content-Length:
      - '295'
    body:
      encoding: UTF-8
      string: |
        <sourcediff key="78e36a4d0e76087a21d97e8c0c1ab635">
          <old project="target_project" package="source_package" rev="0" srcmd5="d41d8cd98f00b204e9800998ecf8427e"/>
          <new project="target_project" package="source_package" rev="9" srcmd5="d41d8cd98f00b204e9800998ecf8427e"/>
          <files/>
        </sourcediff>
  recorded_at: Wed, 03 Jan 2024 15:43:59 GMT
- request:
    method: post
    uri: http://backend:5352/build/target_project?cmd=resumeproject&comment=Releasing%20via%20trigger%20event
    body:
      encoding: UTF-8
      string: ''
    headers:
      Content-Type:
      - application/octet-stream
      Accept-Encoding:
      - gzip;q=1.0,deflate;q=0.6,identity;q=0.3
      Accept:
      - "*/*"
      User-Agent:
      - Ruby
  response:
    status:
      code: 200
      message: OK
    headers:
      Content-Type:
      - text/xml
      Cache-Control:
      - no-cache
      Connection:
      - close
      Content-Length:
      - '21'
    body:
      encoding: UTF-8
      string: '<status code="ok" />

'
  recorded_at: Wed, 03 Jan 2024 15:43:59 GMT
recorded_with: VCR 6.2.0
